2025-11-25 16:45:17.594+0100 | main | INFO  | Besu | Starting Besu
2025-11-25 16:45:17.744+0100 | main | WARN  | Besu | --sync-min-peers is ignored in FULL sync-mode
2025-11-25 16:45:17.921+0100 | main | INFO  | Besu | Connecting to 0 static nodes.
2025-11-25 16:45:17.937+0100 | main | WARN  | Besu | Forcing price bump for transaction replacement to 0, since we are on a zero basefee network
2025-11-25 16:45:17.939+0100 | main | WARN  | Besu | Forcing price bump for transaction replacement to 0, since min-gas-price is set to 0
2025-11-25 16:45:17.944+0100 | main | WARN  | Besu | Forcing tx-pool-min-gas-price=0, since it cannot be greater than the value of min-gas-price
2025-11-25 16:45:18.091+0100 | main | INFO  | Besu | 
####################################################################################################
#                                                                                                  #
# Besu version 25.9.0                                                                              #
#                                                                                                  #
# Configuration:                                                                                   #
# Network: Custom genesis file                                                                     #
# /home/mac/Desktop/IBFT-Network/Node-4/../genesis.json                                            #
# Network Id: 1337                                                                                 #
# Profile: ENTERPRISE                                                                              #
# Data storage: Forest                                                                             #
# Sync mode: Full                                                                                  #
# Sync min peers: 1                                                                                #
# RPC HTTP APIs: ETH,NET,IBFT,ADMIN                                                                #
# RPC HTTP port: 8548                                                                              #
# Using SEQUENCED transaction pool implementation                                                  #
# Using STACKED worldstate update mode                                                             #
# Parallel transaction processing enabled                                                          #
# Target Gas Limit: 45M                                                                            #
#                                                                                                  #
# Host:                                                                                            #
# Java: openjdk-java-21                                                                            #
# Maximum heap size: 1.87 GB                                                                       #
# OS: linux-x86_64                                                                                 #
# glibc: 2.35                                                                                      #
# jemalloc: 5.2.1-0-gea6b3e973b477b8061e0076bb257dbd7f3faa756                                      #
# Total memory: 7.46 GB                                                                            #
# CPU cores: 8                                                                                     #
#                                                                                                  #
# Plugin Registration Summary:                                                                     #
# No plugins have been registered.                                                                 #
# TOTAL = 0 of 0 plugins successfully registered.                                                  #
#                                                                                                  #
####################################################################################################
2025-11-25 16:45:18.093+0100 | main | INFO  | Besu | Security Module: localfile
2025-11-25 16:45:18.097+0100 | main | INFO  | VersionMetadata | Lookup version metadata file in data directory: /home/mac/Desktop/IBFT-Network/Node-4/data
2025-11-25 16:45:18.288+0100 | main | INFO  | VersionMetadata | Existing version data detected. Besu version 25.9.0
2025-11-25 16:45:18.335+0100 | main | INFO  | Besu | Using the native implementation of alt bn128
2025-11-25 16:45:18.338+0100 | main | INFO  | Besu | Using the Java implementation of modexp
2025-11-25 16:45:18.339+0100 | main | INFO  | Besu | Using the native implementation of the signature algorithm
2025-11-25 16:45:18.345+0100 | main | INFO  | Besu | Using the native implementation of the blake2bf algorithm
2025-11-25 16:45:18.432+0100 | main | INFO  | Besu | Using the native BoringSSL implementation of p256verify
2025-11-25 16:45:18.447+0100 | main | INFO  | KZGPointEvalPrecompiledContract | Loading network trusted setup from classpath resource /kzg-trusted-setups/mainnet.txt
2025-11-25 16:45:20.836+0100 | main | WARN  | Besu | Forcing price bump for transaction replacement to 0, since we are on a zero basefee network
2025-11-25 16:45:20.838+0100 | main | WARN  | Besu | Forcing price bump for transaction replacement to 0, since min-gas-price is set to 0
2025-11-25 16:45:20.839+0100 | main | WARN  | Besu | Forcing tx-pool-min-gas-price=0, since it cannot be greater than the value of min-gas-price
2025-11-25 16:45:20.843+0100 | main | INFO  | KeyPairUtil | Attempting to load public key from /home/mac/Desktop/IBFT-Network/Node-4/data/key
2025-11-25 16:45:20.871+0100 | main | INFO  | KeyPairUtil | Loaded public key 0x644f72538191236bf6b63da060f75ed93158cb6437e0d1c50d874000284a2645a45185e6cac9c38fd41706327ee1245b2e43982b21428c6ad8519c60daefd444 from /home/mac/Desktop/IBFT-Network/Node-4/data/key
2025-11-25 16:45:20.990+0100 | main | INFO  | ProtocolScheduleBuilder | Protocol schedule created with milestones: [Prague:0]
2025-11-25 16:45:20.993+0100 | main | INFO  | DatabaseMetadata | Lookup database metadata file in data directory: /home/mac/Desktop/IBFT-Network/Node-4/data
2025-11-25 16:45:21.019+0100 | main | INFO  | RocksDBKeyValueStorageFactory | Existing database at /home/mac/Desktop/IBFT-Network/Node-4/data. Metadata versionedStorageFormat=BaseVersionedStorageFormat{format=FOREST, version=3}. Processing WAL...
2025-11-25 16:45:21.494+0100 | main | INFO  | TransactionPoolFactory | Enabling transaction pool
2025-11-25 16:45:21.506+0100 | main | INFO  | BesuControllerBuilder | IBFT2 is configured, creating initial sync for BFT
2025-11-25 16:45:21.507+0100 | main | INFO  | BFTPivotSelectorFromPeers | Creating pivot block selector for BFT node
2025-11-25 16:45:21.534+0100 | main | INFO  | RunnerBuilder | Resolved 1 bootnodes.
2025-11-25 16:45:21.540+0100 | main | INFO  | RunnerBuilder | Detecting NAT service.
2025-11-25 16:45:21.671+0100 | main | INFO  | Runner | Starting external services ... 
2025-11-25 16:45:21.672+0100 | main | INFO  | JsonRpcHttpService | Starting JSON-RPC service on 127.0.0.1:8548
2025-11-25 16:45:21.784+0100 | vert.x-eventloop-thread-1 | INFO  | JsonRpcHttpService | JSON-RPC service started and listening on 127.0.0.1:8548
2025-11-25 16:45:21.789+0100 | main | INFO  | AutoTransactionLogBloomCachingService | Starting auto transaction log bloom caching service.
2025-11-25 16:45:21.790+0100 | main | INFO  | LogBloomCacheMetadata | Lookup cache metadata file in data directory: /home/mac/Desktop/IBFT-Network/Node-4/data/caches
2025-11-25 16:45:21.797+0100 | main | INFO  | Runner | Starting Ethereum main loop ... 
2025-11-25 16:45:21.797+0100 | main | INFO  | NatService | No NAT environment detected so no service could be started
2025-11-25 16:45:21.797+0100 | main | INFO  | NetworkRunner | Starting Network.
2025-11-25 16:45:21.809+0100 | nioEventLoopGroup-2-1 | INFO  | RlpxAgent | P2P RLPx agent started and listening on /[0:0:0:0:0:0:0:0]:30306.
2025-11-25 16:45:21.809+0100 | main | INFO  | PeerDiscoveryAgent | Starting peer discovery agent on host=0.0.0.0, port=30306. IPv6 available.
2025-11-25 16:45:21.819+0100 | vert.x-eventloop-thread-1 | INFO  | VertxPeerDiscoveryAgent | Started peer discovery agent successfully, on effective host=0:0:0:0:0:0:0:0 and port=30306
2025-11-25 16:45:21.819+0100 | vert.x-eventloop-thread-1 | INFO  | PeerDiscoveryAgent | P2P peer discovery agent started and listening on /[0:0:0:0:0:0:0:0]:30306
2025-11-25 16:45:21.849+0100 | vert.x-eventloop-thread-1 | INFO  | PeerDiscoveryAgent | Writing node record to disk. NodeRecord{seq=11, publicKey=0x02644f72538191236bf6b63da060f75ed93158cb6437e0d1c50d874000284a2645, udpAddress=Optional[/127.0.0.1:30306], tcpAddress=Optional[/127.0.0.1:30306], udp6Address=Optional.empty, tcp6Address=Optional.empty, asBase64=-Je4QP6dUS9l51kah6Mf3STaNTRCKCrEPwlRn3mUGSciXyg3CWr2MOZv6GFBcfgAaXbduTq57H--yzbTHlnAcGZjPQ4Lg2V0aMfGhMVOBzyAgmlkgnY0gmlwhH8AAAGJc2VjcDI1NmsxoQJkT3JTgZEja_a2PaBg917ZMVjLZDfg0cUNh0AAKEomRYN0Y3CCdmKDdWRwgnZi, nodeId=0x23b8c4eb86dc26e7a6e252e5175366cfbad3fa67adebbb494befd3bee7b12597, customFields={tcp=30306, udp=30306, eth=[[0xc54e073c, 0x]], id=V4, ip=0x7f000001, secp256k1=0x02644f72538191236bf6b63da060f75ed93158cb6437e0d1c50d874000284a2645}}
2025-11-25 16:45:21.867+0100 | main | INFO  | DefaultP2PNetwork | Enode URL enode://644f72538191236bf6b63da060f75ed93158cb6437e0d1c50d874000284a2645a45185e6cac9c38fd41706327ee1245b2e43982b21428c6ad8519c60daefd444@127.0.0.1:30306
2025-11-25 16:45:21.867+0100 | main | INFO  | DefaultP2PNetwork | Node address 0x175366cfbad3fa67adebbb494befd3bee7b12597
2025-11-25 16:45:21.876+0100 | main | INFO  | NetworkRunner | Supported capabilities: [eth/68, eth/69], [IBF/1], [snap/1]
2025-11-25 16:45:21.877+0100 | main | INFO  | DefaultSynchronizer | Starting synchronizer.
2025-11-25 16:45:21.878+0100 | main | INFO  | TransactionPoolFactory | Enabling transaction handling following initial sync
2025-11-25 16:45:21.878+0100 | main | INFO  | IbftBesuControllerBuilder | Starting IBFT mining coordinator following initial sync
2025-11-25 16:45:22.168+0100 | main | INFO  | FullSyncDownloader | Starting full sync.
2025-11-25 16:45:22.170+0100 | main | INFO  | FullSyncTargetManager | Unable to find sync target. Waiting for 1 peers minimum. Currently checking 0 peers for usefulness
2025-11-25 16:45:22.177+0100 | main | INFO  | Runner | Ethereum main loop is up.
2025-11-25 16:45:26.577+0100 | BftProcessorExecutor-IBFT-0 | INFO  | IbftRound | Importing block to chain. round=ConsensusRoundIdentifier{Sequence=2271, Round=1}, hash=0x30b5f11edc8aab30094830dfc3060700a34fae460129c0a5eeb2cf957bc598d8
2025-11-25 16:45:26.618+0100 | BftProcessorExecutor-IBFT-0 | INFO  | IbftBesuControllerBuilder | Imported #2,271 / 0 tx / 0 pending / 0 (0.0%) gas / (0x30b5f11edc8aab30094830dfc3060700a34fae460129c0a5eeb2cf957bc598d8)
2025-11-25 16:45:28.082+0100 | BftProcessorExecutor-IBFT-0 | INFO  | IbftBesuControllerBuilder | Produced #2,272 / 0 tx / 0 pending / 0 (0.0%) gas / (0x0937ed67a3070718ea4b1cf46391750fb7ba10bcbf9982822278445857c2be68)
2025-11-25 16:45:30.080+0100 | BftProcessorExecutor-IBFT-0 | INFO  | IbftBesuControllerBuilder | Imported #2,273 / 0 tx / 0 pending / 0 (0.0%) gas / (0x1d53a91f311b20978537b3eb958f52fdfc52583634c5ccedde11ff4774ce47d8)
2025-11-25 16:45:30.080+0100 | EthScheduler-Workers-0 | INFO  | PersistBlockTask | Block 2273 (0x1d53a91f311b20978537b3eb958f52fdfc52583634c5ccedde11ff4774ce47d8) is already imported
2025-11-25 16:45:32.051+0100 | BftProcessorExecutor-IBFT-0 | INFO  | IbftBesuControllerBuilder | Imported #2,274 / 0 tx / 0 pending / 0 (0.0%) gas / (0x41aa8269b2130042cf55c199a7dce1cb92ced2df30960b2f05bdce1f1363b0fe)
2025-11-25 16:45:34.068+0100 | EthScheduler-Workers-0 | INFO  | PersistBlockTask | Block 2275 (0x22b3a058db8e4be409a179b0b1a40e23af70b4b89d10ae3b1117744d396b8d81) is already imported
2025-11-25 16:45:34.068+0100 | BftProcessorExecutor-IBFT-0 | INFO  | IbftBesuControllerBuilder | Imported #2,275 / 0 tx / 0 pending / 0 (0.0%) gas / (0x22b3a058db8e4be409a179b0b1a40e23af70b4b89d10ae3b1117744d396b8d81)
2025-11-25 16:45:36.054+0100 | EthScheduler-Workers-0 | INFO  | PersistBlockTask | Block 2276 (0x87673e871dd66d00eff4aad8f1f838255b24dab80bbd66233d177880f0218436) is already imported
2025-11-25 16:45:36.054+0100 | BftProcessorExecutor-IBFT-0 | INFO  | IbftBesuControllerBuilder | Produced #2,276 / 0 tx / 0 pending / 0 (0.0%) gas / (0x87673e871dd66d00eff4aad8f1f838255b24dab80bbd66233d177880f0218436)
2025-11-25 16:45:38.055+0100 | BftProcessorExecutor-IBFT-0 | INFO  | IbftBesuControllerBuilder | Imported #2,277 / 0 tx / 0 pending / 0 (0.0%) gas / (0xa6d25f0f5c8cef462b02fc6ded2a0709f8eb30b1d9fe4dcc7a2db25df9e090b9)
2025-11-25 16:45:40.053+0100 | BftProcessorExecutor-IBFT-0 | INFO  | IbftBesuControllerBuilder | Imported #2,278 / 0 tx / 0 pending / 0 (0.0%) gas / (0xbf38c8affd028f18530e93218dd8a9e763b8125e1223946078d606235ef1a98a)
2025-11-25 16:45:42.049+0100 | BftProcessorExecutor-IBFT-0 | INFO  | IbftBesuControllerBuilder | Imported #2,279 / 0 tx / 0 pending / 0 (0.0%) gas / (0x4e0035b1dd26b7aa779a00d86693efe259f80d5c8408e03d958d7da547cd92de)
2025-11-25 16:45:44.051+0100 | BftProcessorExecutor-IBFT-0 | INFO  | IbftBesuControllerBuilder | Produced #2,280 / 0 tx / 0 pending / 0 (0.0%) gas / (0x0e5364c0d7620e166e8eeb15720dfbf122b2fdc348a5079d48382bfcdcfcda98)
2025-11-25 16:45:46.049+0100 | BftProcessorExecutor-IBFT-0 | INFO  | IbftBesuControllerBuilder | Imported #2,281 / 0 tx / 0 pending / 0 (0.0%) gas / (0xd413ab46738150fed21f6a593caa418e47f86509f048ecb2f801aecb3830d21b)
2025-11-25 16:45:48.061+0100 | BftProcessorExecutor-IBFT-0 | INFO  | IbftBesuControllerBuilder | Imported #2,282 / 0 tx / 0 pending / 0 (0.0%) gas / (0x2afbca7537173fb36b872d2bab654bd733874dc3cee88f5f50a2cf9c3cd9406d)
2025-11-25 16:45:50.057+0100 | BftProcessorExecutor-IBFT-0 | INFO  | IbftBesuControllerBuilder | Imported #2,283 / 0 tx / 0 pending / 0 (0.0%) gas / (0x44904a4371b3c181984271b0145d4dc31106c6df9c3e4474c6106420c3463965)
2025-11-25 16:45:52.039+0100 | BftProcessorExecutor-IBFT-0 | INFO  | IbftBesuControllerBuilder | Produced #2,284 / 0 tx / 0 pending / 0 (0.0%) gas / (0x2ac9b84f310dc726e0e1f356fbeeed8a191b3a27880f1345372c475ca3a2f1f5)
2025-11-25 16:45:54.046+0100 | BftProcessorExecutor-IBFT-0 | INFO  | IbftBesuControllerBuilder | Imported #2,285 / 0 tx / 0 pending / 0 (0.0%) gas / (0x11cdcc48546619e4ba093fc8251e748df55dc65356976773e3513af754d4cf10)
2025-11-25 16:45:56.054+0100 | BftProcessorExecutor-IBFT-0 | INFO  | IbftBesuControllerBuilder | Imported #2,286 / 0 tx / 0 pending / 0 (0.0%) gas / (0x186c2569ba2c2dec75292ddd9c2162740fda36a2da39073fd7ee133efee1952e)
2025-11-25 16:45:58.047+0100 | BftProcessorExecutor-IBFT-0 | INFO  | IbftBesuControllerBuilder | Imported #2,287 / 0 tx / 0 pending / 0 (0.0%) gas / (0x61c3c68854e3acbf53d19bbfaba7dbf1e995c4422a23d3ae5378fb6e9cc9c365)
2025-11-25 16:46:00.052+0100 | BftProcessorExecutor-IBFT-0 | INFO  | IbftBesuControllerBuilder | Produced #2,288 / 0 tx / 0 pending / 0 (0.0%) gas / (0xd475867e95cb05c1f733792c229e9fd803a900567d7901df7f0311c4d933bfb7)
2025-11-25 16:46:02.047+0100 | EthScheduler-Workers-0 | INFO  | PersistBlockTask | Block 2289 (0xae9f903e6d847c5cf8101e2fa5806eb0161295f904fa2c5d31c9fa1d458cf84e) is already imported
2025-11-25 16:46:02.048+0100 | BftProcessorExecutor-IBFT-0 | INFO  | IbftBesuControllerBuilder | Imported #2,289 / 0 tx / 0 pending / 0 (0.0%) gas / (0xae9f903e6d847c5cf8101e2fa5806eb0161295f904fa2c5d31c9fa1d458cf84e)
2025-11-25 16:46:04.040+0100 | BftProcessorExecutor-IBFT-0 | INFO  | IbftBesuControllerBuilder | Imported #2,290 / 0 tx / 0 pending / 0 (0.0%) gas / (0xb00ed7aa0675c033a7be2269570241a19d999215468b5fd41cd4864f365d0d80)
2025-11-25 16:46:06.047+0100 | EthScheduler-Workers-0 | INFO  | PersistBlockTask | Block 2291 (0x0903eb3759dddfee56795ab880df3265225f595d338da583fc58a08f39e3bd0b) is already imported
2025-11-25 16:46:06.048+0100 | BftProcessorExecutor-IBFT-0 | INFO  | IbftBesuControllerBuilder | Imported #2,291 / 0 tx / 0 pending / 0 (0.0%) gas / (0x0903eb3759dddfee56795ab880df3265225f595d338da583fc58a08f39e3bd0b)
2025-11-25 16:46:08.046+0100 | BftProcessorExecutor-IBFT-0 | INFO  | IbftBesuControllerBuilder | Produced #2,292 / 0 tx / 0 pending / 0 (0.0%) gas / (0xe649fd8142b77bfbfcf39962d1fbabfb85b449ec37fcdb90adb547bd9aa662c2)
2025-11-25 16:46:10.028+0100 | BftProcessorExecutor-IBFT-0 | INFO  | IbftBesuControllerBuilder | Imported #2,293 / 0 tx / 0 pending / 0 (0.0%) gas / (0x0998866b58140894bea92c9e73d1221a9ee98bb2c92ef080fbec55c5ff95d84e)
2025-11-25 16:46:12.093+0100 | EthScheduler-Workers-0 | INFO  | PersistBlockTask | Block 2294 (0x95ac21f9d3e2a15c1e05fff2bbf77bfdbdb6043a93ae9b783c4fef7a33683b09) is already imported
2025-11-25 16:46:12.094+0100 | BftProcessorExecutor-IBFT-0 | INFO  | IbftBesuControllerBuilder | Imported #2,294 / 1 tx / 0 pending / 39,386 (0.1%) gas / (0x95ac21f9d3e2a15c1e05fff2bbf77bfdbdb6043a93ae9b783c4fef7a33683b09)
2025-11-25 16:46:14.035+0100 | BftProcessorExecutor-IBFT-0 | INFO  | IbftBesuControllerBuilder | Imported #2,295 / 0 tx / 0 pending / 0 (0.0%) gas / (0x6cc22fd67f4c1130b0e0e6d9412791aee82b56c7d748020d9c9ebf75b5e68a8c)
2025-11-25 16:46:16.060+0100 | BftProcessorExecutor-IBFT-0 | INFO  | IbftBesuControllerBuilder | Produced #2,296 / 0 tx / 0 pending / 0 (0.0%) gas / (0x165a13d34d3fd71e6fd2939e1b85b3e6c021d8c1ad7bf2370bc4957fc3f8a5cd)
2025-11-25 16:46:18.044+0100 | BftProcessorExecutor-IBFT-0 | INFO  | IbftBesuControllerBuilder | Imported #2,297 / 0 tx / 0 pending / 0 (0.0%) gas / (0xdb33e653657a45eba5ba83a176ad0cb35a4bdedc01e50ee5dfc477b7d238291e)
2025-11-25 16:46:20.039+0100 | BftProcessorExecutor-IBFT-0 | INFO  | IbftBesuControllerBuilder | Imported #2,298 / 0 tx / 0 pending / 0 (0.0%) gas / (0x5dd623152f3b3df35c9f13304b42ad024e579c3158faa332de34ff597b32a1c5)
2025-11-25 16:46:22.040+0100 | BftProcessorExecutor-IBFT-0 | INFO  | IbftBesuControllerBuilder | Imported #2,299 / 0 tx / 0 pending / 0 (0.0%) gas / (0xa3daf24c0c4d77d32d64e6085d840ab130a0e53b2b4f31eacb9892771597fc6a)
2025-11-25 16:46:22.041+0100 | EthScheduler-Workers-0 | INFO  | PersistBlockTask | Block 2299 (0xa3daf24c0c4d77d32d64e6085d840ab130a0e53b2b4f31eacb9892771597fc6a) is already imported
2025-11-25 16:46:24.050+0100 | EthScheduler-Workers-0 | INFO  | PersistBlockTask | Block 2300 (0xc7510ed59d14a4397f6508005962b985ff8a211d17f02e9a37107ccbb0b1c914) is already imported
2025-11-25 16:46:24.051+0100 | BftProcessorExecutor-IBFT-0 | INFO  | IbftBesuControllerBuilder | Produced #2,300 / 0 tx / 0 pending / 0 (0.0%) gas / (0xc7510ed59d14a4397f6508005962b985ff8a211d17f02e9a37107ccbb0b1c914)
2025-11-25 16:46:26.046+0100 | EthScheduler-Workers-0 | INFO  | PersistBlockTask | Block 2301 (0x43d203eacbc88d569fd002c8c7304abfa9a878238e8f5e3abed311239c12aced) is already imported
2025-11-25 16:46:26.046+0100 | BftProcessorExecutor-IBFT-0 | INFO  | IbftBesuControllerBuilder | Imported #2,301 / 0 tx / 0 pending / 0 (0.0%) gas / (0x43d203eacbc88d569fd002c8c7304abfa9a878238e8f5e3abed311239c12aced)
2025-11-25 16:46:28.042+0100 | BftProcessorExecutor-IBFT-0 | INFO  | IbftBesuControllerBuilder | Imported #2,302 / 0 tx / 0 pending / 0 (0.0%) gas / (0x2ec60a91e78c3dad30e7fdfae66e09d472d15b051f33d4cff762c068eb965bb6)
2025-11-25 16:46:30.042+0100 | EthScheduler-Workers-0 | INFO  | PersistBlockTask | Block 2303 (0x83663b84e26d84c47d003ed2acf2ed68a10282827d7fe65504fa902183b7a8aa) is already imported
2025-11-25 16:46:30.042+0100 | BftProcessorExecutor-IBFT-0 | INFO  | IbftBesuControllerBuilder | Imported #2,303 / 0 tx / 0 pending / 0 (0.0%) gas / (0x83663b84e26d84c47d003ed2acf2ed68a10282827d7fe65504fa902183b7a8aa)
2025-11-25 16:46:32.043+0100 | BftProcessorExecutor-IBFT-0 | INFO  | IbftBesuControllerBuilder | Produced #2,304 / 0 tx / 0 pending / 0 (0.0%) gas / (0x331f0c49ed84e611e98eaffa848d1a47e990941d590e0ead772a396e41e8d00d)
2025-11-25 16:46:34.035+0100 | BftProcessorExecutor-IBFT-0 | INFO  | IbftBesuControllerBuilder | Imported #2,305 / 0 tx / 0 pending / 0 (0.0%) gas / (0xb160361c1656c7c4e37c9aa9b89819adc731712b546553b8a1a1ddb3336bc422)
2025-11-25 16:46:36.026+0100 | BftProcessorExecutor-IBFT-0 | INFO  | IbftBesuControllerBuilder | Imported #2,306 / 0 tx / 0 pending / 0 (0.0%) gas / (0x302e6a44d7a305de5f12d0ead221f74dd83fdcb9f431774689e1477fcddc380f)
2025-11-25 16:46:38.048+0100 | BftProcessorExecutor-IBFT-0 | INFO  | IbftBesuControllerBuilder | Imported #2,307 / 0 tx / 0 pending / 0 (0.0%) gas / (0x6a4b37d8c1eb63da8227e44ab050f804a9e126479476736b5fc0390f6893ee01)
2025-11-25 16:46:38.048+0100 | EthScheduler-Workers-0 | INFO  | PersistBlockTask | Block 2307 (0x6a4b37d8c1eb63da8227e44ab050f804a9e126479476736b5fc0390f6893ee01) is already imported
2025-11-25 16:46:40.040+0100 | BftProcessorExecutor-IBFT-0 | INFO  | IbftBesuControllerBuilder | Produced #2,308 / 0 tx / 0 pending / 0 (0.0%) gas / (0x8b4897367e3774c3cce33d6b4bb95c609dd03d9fdce1142174cca88af733d5d6)
2025-11-25 16:46:42.031+0100 | BftProcessorExecutor-IBFT-0 | INFO  | IbftBesuControllerBuilder | Imported #2,309 / 0 tx / 0 pending / 0 (0.0%) gas / (0xd62b9146051526a7c1cc138134aa463d1432253bf17d3811b9a568cbe4a7377d)
2025-11-25 16:46:44.038+0100 | BftProcessorExecutor-IBFT-0 | INFO  | IbftBesuControllerBuilder | Imported #2,310 / 0 tx / 0 pending / 0 (0.0%) gas / (0x7e67b541a78cd5ea8c76bb4863a52870bc4afbe97c39a64992b1fc8b1361015e)
2025-11-25 16:46:46.026+0100 | BftProcessorExecutor-IBFT-0 | INFO  | IbftBesuControllerBuilder | Imported #2,311 / 0 tx / 0 pending / 0 (0.0%) gas / (0xf1e3af00109718049fae2a862f029d2883e132197b915e301ff76ae5885cb999)
2025-11-25 16:46:48.049+0100 | EthScheduler-Workers-0 | INFO  | PersistBlockTask | Block 2312 (0xc008582db7805f02dbd8cdf6f10396127a31efaa6d3262df51e020dfa3d57643) is already imported
2025-11-25 16:46:48.049+0100 | BftProcessorExecutor-IBFT-0 | INFO  | IbftBesuControllerBuilder | Produced #2,312 / 0 tx / 0 pending / 0 (0.0%) gas / (0xc008582db7805f02dbd8cdf6f10396127a31efaa6d3262df51e020dfa3d57643)
2025-11-25 16:46:50.032+0100 | BftProcessorExecutor-IBFT-0 | INFO  | IbftBesuControllerBuilder | Imported #2,313 / 0 tx / 0 pending / 0 (0.0%) gas / (0x6b97e5dd552ba9c13eeb4768cd931ed35123a631bbf1667f476a168cbb990a53)
2025-11-25 16:46:52.044+0100 | BftProcessorExecutor-IBFT-0 | INFO  | IbftBesuControllerBuilder | Imported #2,314 / 0 tx / 0 pending / 0 (0.0%) gas / (0xbe494eb85be13695d500494c55c1b9a4c74bcedcab542efdcdc14b4b7bfd050a)
2025-11-25 16:46:54.036+0100 | BftProcessorExecutor-IBFT-0 | INFO  | IbftBesuControllerBuilder | Imported #2,315 / 0 tx / 0 pending / 0 (0.0%) gas / (0xd38aec93f5ff8bec396383cf82df6787f3e4808450d7b865d6bb495acfc1521a)
2025-11-25 16:46:56.036+0100 | BftProcessorExecutor-IBFT-0 | INFO  | IbftBesuControllerBuilder | Produced #2,316 / 0 tx / 0 pending / 0 (0.0%) gas / (0x0e36ac78f1d99d956788bd237330e153f88967dcacb2737047d49ffd96f6c0e7)
2025-11-25 16:46:58.033+0100 | BftProcessorExecutor-IBFT-0 | INFO  | IbftBesuControllerBuilder | Imported #2,317 / 0 tx / 0 pending / 0 (0.0%) gas / (0x37dbfe22368698d5b44af9f06c2ccdc27891a0090389b8060be383455050c8f4)
2025-11-25 16:47:00.039+0100 | BftProcessorExecutor-IBFT-0 | INFO  | IbftBesuControllerBuilder | Imported #2,318 / 0 tx / 0 pending / 0 (0.0%) gas / (0x9f1912fcbc25b9f01c2d58d027089e9416ce2625bc1b76e70409b271f6f2257d)
2025-11-25 16:47:02.038+0100 | BftProcessorExecutor-IBFT-0 | INFO  | IbftBesuControllerBuilder | Imported #2,319 / 0 tx / 0 pending / 0 (0.0%) gas / (0x2d0d2c038730692f322788c1026943cc69a3b3a2d9c805da6ef846c4ed008810)
2025-11-25 16:47:04.027+0100 | BftProcessorExecutor-IBFT-0 | INFO  | IbftBesuControllerBuilder | Produced #2,320 / 0 tx / 0 pending / 0 (0.0%) gas / (0xbc5598eefe6d8e8a8fc15224eedcce29d36f56f99e2e98c2e2739864482e0640)
2025-11-25 16:47:06.040+0100 | EthScheduler-Workers-0 | INFO  | PersistBlockTask | Imported empty block #2,321 / 0 tx / 0 om / 0 (0.0%) gas / (0xf9fafa7757058170a27d69499fb48fd03c7dc8b1193408575f2ca9973fd6a525) in 0.000s. Peers: 3
2025-11-25 16:47:08.045+0100 | BftProcessorExecutor-IBFT-0 | INFO  | IbftBesuControllerBuilder | Imported #2,322 / 0 tx / 0 pending / 0 (0.0%) gas / (0x1cc9d45b0a172d86775373c04803fda2766f74377aff848403044ecc0f7afd3e)
2025-11-25 16:47:08.044+0100 | EthScheduler-Workers-0 | INFO  | PersistBlockTask | Block 2322 (0x1cc9d45b0a172d86775373c04803fda2766f74377aff848403044ecc0f7afd3e) is already imported
2025-11-25 16:47:10.029+0100 | BftProcessorExecutor-IBFT-0 | INFO  | IbftBesuControllerBuilder | Imported #2,323 / 0 tx / 0 pending / 0 (0.0%) gas / (0x4c71e913e48f4ee1476f7b260b2f210ae0eb3c8112d08ab5f985dc6e59f15cf5)
2025-11-25 16:47:12.030+0100 | BftProcessorExecutor-IBFT-0 | INFO  | IbftBesuControllerBuilder | Produced #2,324 / 0 tx / 0 pending / 0 (0.0%) gas / (0x7a8bd6bc4ee8f4bcee98608c4467bd2c3542283c7c27dd7fbb3212bb822b7e8f)
2025-11-25 16:47:14.034+0100 | BftProcessorExecutor-IBFT-0 | INFO  | IbftBesuControllerBuilder | Imported #2,325 / 0 tx / 0 pending / 0 (0.0%) gas / (0xdd7efa2d1fe1157dc87743821f76ac13155f8ae480655f327cc45feb5a973629)
2025-11-25 16:47:16.038+0100 | EthScheduler-Workers-0 | INFO  | PersistBlockTask | Block 2326 (0x114e990b3dfb4427efa44da1840bdd882db359e054ebbdc5c7e98c205b087829) is already imported
2025-11-25 16:47:16.038+0100 | BftProcessorExecutor-IBFT-0 | INFO  | IbftBesuControllerBuilder | Imported #2,326 / 0 tx / 0 pending / 0 (0.0%) gas / (0x114e990b3dfb4427efa44da1840bdd882db359e054ebbdc5c7e98c205b087829)
2025-11-25 16:47:18.033+0100 | EthScheduler-Workers-0 | INFO  | PersistBlockTask | Block 2327 (0xe0f67ed4fe12ba083d23f0c2c023bcca137cd901a99d0c11bdf06d5e05942a2b) is already imported
2025-11-25 16:47:18.033+0100 | BftProcessorExecutor-IBFT-0 | INFO  | IbftBesuControllerBuilder | Imported #2,327 / 0 tx / 0 pending / 0 (0.0%) gas / (0xe0f67ed4fe12ba083d23f0c2c023bcca137cd901a99d0c11bdf06d5e05942a2b)
2025-11-25 16:47:20.025+0100 | BftProcessorExecutor-IBFT-0 | INFO  | IbftBesuControllerBuilder | Produced #2,328 / 0 tx / 0 pending / 0 (0.0%) gas / (0xc4f1f8cc9fc6d08f11dffc7fafd8f0a186163c976df33aa29ff33b10abcfa792)
2025-11-25 16:47:22.026+0100 | BftProcessorExecutor-IBFT-0 | INFO  | IbftBesuControllerBuilder | Imported #2,329 / 0 tx / 0 pending / 0 (0.0%) gas / (0x5963ed5d4cc23a5abd24bf1102006ca55c0db2381881d043bf47a3a31b536c3c)
2025-11-25 16:47:24.026+0100 | BftProcessorExecutor-IBFT-0 | INFO  | IbftBesuControllerBuilder | Imported #2,330 / 0 tx / 0 pending / 0 (0.0%) gas / (0xdf43e4815f72be295c9465ba15da04187167c7772d1a9088461069f275a1e622)
2025-11-25 16:47:26.028+0100 | BftProcessorExecutor-IBFT-0 | INFO  | IbftBesuControllerBuilder | Imported #2,331 / 0 tx / 0 pending / 0 (0.0%) gas / (0xb31b8ffe6edc599a0d2f2d5175bda7d223545fdfe5ce69d9966ad4ccbc70080f)
2025-11-25 16:47:28.037+0100 | BftProcessorExecutor-IBFT-0 | INFO  | IbftBesuControllerBuilder | Produced #2,332 / 0 tx / 0 pending / 0 (0.0%) gas / (0x4c89d0f1203f269b521003ab9a3f17f5ac15067702b247f81c5e5dae4099c1d3)
2025-11-25 16:47:30.040+0100 | BftProcessorExecutor-IBFT-0 | INFO  | IbftBesuControllerBuilder | Imported #2,333 / 0 tx / 0 pending / 0 (0.0%) gas / (0xade5c437835d53c622399190157e4938780b31e6d64106438e9b1531e6502053)
2025-11-25 16:47:30.043+0100 | EthScheduler-Workers-0 | INFO  | PersistBlockTask | Block 2333 (0xade5c437835d53c622399190157e4938780b31e6d64106438e9b1531e6502053) is already imported
2025-11-25 16:47:32.037+0100 | BftProcessorExecutor-IBFT-0 | INFO  | IbftBesuControllerBuilder | Imported #2,334 / 0 tx / 0 pending / 0 (0.0%) gas / (0x28dc4e9b3b182837ff6c0b345eced2f4f85552ec7961c5f20049d0dcba9a958a)
2025-11-25 16:47:34.027+0100 | BftProcessorExecutor-IBFT-0 | INFO  | IbftBesuControllerBuilder | Imported #2,335 / 0 tx / 0 pending / 0 (0.0%) gas / (0xb443237077d174140ef7da605dbd18d33ee19b59b80fd0ac6275a5da5b56a9cf)
2025-11-25 16:47:36.043+0100 | EthScheduler-Workers-0 | INFO  | PersistBlockTask | Block 2336 (0xbcf5e7af728a2b9db0c0f6009ad1b3df40e71432eedbc1747fa08fa074266154) is already imported
2025-11-25 16:47:36.043+0100 | BftProcessorExecutor-IBFT-0 | INFO  | IbftBesuControllerBuilder | Produced #2,336 / 0 tx / 0 pending / 0 (0.0%) gas / (0xbcf5e7af728a2b9db0c0f6009ad1b3df40e71432eedbc1747fa08fa074266154)
2025-11-25 16:47:38.034+0100 | BftProcessorExecutor-IBFT-0 | INFO  | IbftBesuControllerBuilder | Imported #2,337 / 0 tx / 0 pending / 0 (0.0%) gas / (0x345f9faf25623364f58fbbb36a6abce512367debf97480bb60592025185e98a2)
2025-11-25 16:47:40.025+0100 | BftProcessorExecutor-IBFT-0 | INFO  | IbftBesuControllerBuilder | Imported #2,338 / 0 tx / 0 pending / 0 (0.0%) gas / (0x141dcfc1144af9d1270913622a6c5edd31b5460d9ead513800bc053a9ccb0e2d)
2025-11-25 16:47:42.031+0100 | BftProcessorExecutor-IBFT-0 | INFO  | IbftBesuControllerBuilder | Imported #2,339 / 0 tx / 0 pending / 0 (0.0%) gas / (0xfdfa2aaf6839a4bd611426fa1735f685de131b422a817a45434b8d6a0330cf95)
2025-11-25 16:47:42.032+0100 | EthScheduler-Workers-0 | INFO  | PersistBlockTask | Block 2339 (0xfdfa2aaf6839a4bd611426fa1735f685de131b422a817a45434b8d6a0330cf95) is already imported
2025-11-25 16:47:44.030+0100 | BftProcessorExecutor-IBFT-0 | INFO  | IbftBesuControllerBuilder | Produced #2,340 / 0 tx / 0 pending / 0 (0.0%) gas / (0xf9857c3da0dccf045b292c764cb9d8f7f59f3649753ddf332a736bcb5bb64593)
2025-11-25 16:47:46.023+0100 | BftProcessorExecutor-IBFT-0 | INFO  | IbftBesuControllerBuilder | Imported #2,341 / 0 tx / 0 pending / 0 (0.0%) gas / (0xdd678590aad3a6dbb845e17d8561fae8ac2041dc082c4c75b2af8654633b6b0d)
2025-11-25 16:47:48.022+0100 | BftProcessorExecutor-IBFT-0 | INFO  | IbftBesuControllerBuilder | Imported #2,342 / 0 tx / 0 pending / 0 (0.0%) gas / (0xd18c8dc45223bdbeaf04adc8e205b67ca5c0c40464c496ef1febe90617132e87)
2025-11-25 16:47:50.026+0100 | BftProcessorExecutor-IBFT-0 | INFO  | IbftBesuControllerBuilder | Imported #2,343 / 0 tx / 0 pending / 0 (0.0%) gas / (0x24746ab2ba295843fd18d1b8d4473221de4d40f8abaa2fd752396320e2eb8c08)
2025-11-25 16:47:52.018+0100 | BftProcessorExecutor-IBFT-0 | INFO  | IbftBesuControllerBuilder | Produced #2,344 / 0 tx / 0 pending / 0 (0.0%) gas / (0x6fd06db0f8328ddd917715ce708c7c9646fe033e9995ae7b8eae40f2bffe066e)
2025-11-25 16:47:54.031+0100 | BftProcessorExecutor-IBFT-0 | INFO  | IbftBesuControllerBuilder | Imported #2,345 / 0 tx / 0 pending / 0 (0.0%) gas / (0x09b86d83be8740e5ed85472f1cc73c95489d9366d31197cdb3662883a12ee061)
2025-11-25 16:47:54.034+0100 | EthScheduler-Workers-0 | INFO  | PersistBlockTask | Block 2345 (0x09b86d83be8740e5ed85472f1cc73c95489d9366d31197cdb3662883a12ee061) is already imported
2025-11-25 16:47:56.021+0100 | BftProcessorExecutor-IBFT-0 | INFO  | IbftBesuControllerBuilder | Imported #2,346 / 0 tx / 0 pending / 0 (0.0%) gas / (0xe1e5c555814b293f49a37fcb74128f04e83ad1c14aecf97deecdeda6317bc02a)
2025-11-25 16:47:58.022+0100 | BftProcessorExecutor-IBFT-0 | INFO  | IbftBesuControllerBuilder | Imported #2,347 / 0 tx / 0 pending / 0 (0.0%) gas / (0x33ef57c80e1655922351f09a54cd4a3f7db5931de6309744bec9f9dbf1e39d33)
2025-11-25 16:48:00.027+0100 | BftProcessorExecutor-IBFT-0 | INFO  | IbftBesuControllerBuilder | Produced #2,348 / 0 tx / 0 pending / 0 (0.0%) gas / (0x499d5b5fd18e62c714e538d73720f16bd1fe4bd35086ecc44936c10326802d43)
2025-11-25 16:48:02.035+0100 | BftProcessorExecutor-IBFT-0 | INFO  | IbftBesuControllerBuilder | Imported #2,349 / 0 tx / 0 pending / 0 (0.0%) gas / (0x91c10c133420575b349297e36f36d1aff20f6c421442c48174463ff346de3c53)
2025-11-25 16:48:04.031+0100 | BftProcessorExecutor-IBFT-0 | INFO  | IbftBesuControllerBuilder | Imported #2,350 / 0 tx / 0 pending / 0 (0.0%) gas / (0x337b2f243b137501e81244d1df03c5dce7fa1e3b0635a43598edd608f0c30338)
2025-11-25 16:48:06.031+0100 | BftProcessorExecutor-IBFT-0 | INFO  | IbftBesuControllerBuilder | Imported #2,351 / 0 tx / 0 pending / 0 (0.0%) gas / (0xd8c8c0dff5b3676944009ee09e1b9f17764134c8e0584b4eed2475a952fd2974)
2025-11-25 16:48:08.030+0100 | BftProcessorExecutor-IBFT-0 | INFO  | IbftBesuControllerBuilder | Produced #2,352 / 0 tx / 0 pending / 0 (0.0%) gas / (0x09f8ce277ade21b97f8a44f227f2a2b65d88ad8876c96ec14d32efafb15b61a8)
2025-11-25 16:48:08.033+0100 | EthScheduler-Workers-0 | INFO  | PersistBlockTask | Block 2352 (0x09f8ce277ade21b97f8a44f227f2a2b65d88ad8876c96ec14d32efafb15b61a8) is already imported
2025-11-25 16:48:10.020+0100 | BftProcessorExecutor-IBFT-0 | INFO  | IbftBesuControllerBuilder | Imported #2,353 / 0 tx / 0 pending / 0 (0.0%) gas / (0x1bee6e4bf6c54863d05118856ebeda2f5810fe98c2906571011b892e89ae719e)
2025-11-25 16:48:12.029+0100 | BftProcessorExecutor-IBFT-0 | INFO  | IbftBesuControllerBuilder | Imported #2,354 / 0 tx / 0 pending / 0 (0.0%) gas / (0x488c2cff05b0c6369b481674085a41420c01c57d081622720a3421dfce923ad9)
2025-11-25 16:48:14.035+0100 | EthScheduler-Workers-0 | INFO  | PersistBlockTask | Block 2355 (0xdca0b9d0f24bbc81fba02c411c4395e770846d6480ae1a1bb2bf35758dd4e794) is already imported
2025-11-25 16:48:14.035+0100 | BftProcessorExecutor-IBFT-0 | INFO  | IbftBesuControllerBuilder | Imported #2,355 / 0 tx / 0 pending / 0 (0.0%) gas / (0xdca0b9d0f24bbc81fba02c411c4395e770846d6480ae1a1bb2bf35758dd4e794)
2025-11-25 16:48:16.024+0100 | BftProcessorExecutor-IBFT-0 | INFO  | IbftBesuControllerBuilder | Produced #2,356 / 0 tx / 0 pending / 0 (0.0%) gas / (0x1590c2ea99042ccb37209c8452a5c68658d9b7653e73459406bb074724f069fb)
2025-11-25 16:48:18.027+0100 | BftProcessorExecutor-IBFT-0 | INFO  | IbftBesuControllerBuilder | Imported #2,357 / 0 tx / 0 pending / 0 (0.0%) gas / (0x03c8dd07be87c33a7fc5c4e8cefd43c3b15b06e087c17aef9804c4bcd9beeedc)
2025-11-25 16:48:20.018+0100 | BftProcessorExecutor-IBFT-0 | INFO  | IbftBesuControllerBuilder | Imported #2,358 / 0 tx / 0 pending / 0 (0.0%) gas / (0x55f74a19e329ff24a3984f6838bc92eec7945565234992375adf6612c4d52d50)
2025-11-25 16:48:22.024+0100 | BftProcessorExecutor-IBFT-0 | INFO  | IbftBesuControllerBuilder | Imported #2,359 / 0 tx / 0 pending / 0 (0.0%) gas / (0x5f279ec9138f4220e8332d5bc3ab75e5738dd9de6cee90b7102afdf756a716a4)
2025-11-25 16:48:24.025+0100 | BftProcessorExecutor-IBFT-0 | INFO  | IbftBesuControllerBuilder | Produced #2,360 / 0 tx / 0 pending / 0 (0.0%) gas / (0x66a1a45ce3c4fbd6ea62482b19f6776690f7063bfef0ec2ee66cc6818afaa636)
2025-11-25 16:48:26.019+0100 | BftProcessorExecutor-IBFT-0 | INFO  | IbftBesuControllerBuilder | Imported #2,361 / 0 tx / 0 pending / 0 (0.0%) gas / (0xcc78bd1e2eeca63948d6af8d5153620d04764e21fc5cfd2981ec8970edc5d889)
2025-11-25 16:48:28.018+0100 | BftProcessorExecutor-IBFT-0 | INFO  | IbftBesuControllerBuilder | Imported #2,362 / 0 tx / 0 pending / 0 (0.0%) gas / (0xcf2685e9198a01c99f859b97155cb369855b460e7810235839bba84e1e510284)
2025-11-25 16:48:30.024+0100 | BftProcessorExecutor-IBFT-0 | INFO  | IbftBesuControllerBuilder | Imported #2,363 / 0 tx / 0 pending / 0 (0.0%) gas / (0x40b5250ec89f940bbf4075c3e9421c9d98da5cc66cf9e5e59b06427a5e36b410)
2025-11-25 16:48:32.027+0100 | BftProcessorExecutor-IBFT-0 | INFO  | IbftBesuControllerBuilder | Produced #2,364 / 0 tx / 0 pending / 0 (0.0%) gas / (0xfba7135f979dbbd4577b07a5619ff661f89241738c35b3673bcfb9f84adedc6a)
2025-11-25 16:48:34.021+0100 | BftProcessorExecutor-IBFT-0 | INFO  | IbftBesuControllerBuilder | Imported #2,365 / 0 tx / 0 pending / 0 (0.0%) gas / (0xd1726051d074cb83dc324bcd4edd1a987c1e4110b33f1803f2dbd651f0bd91bf)
2025-11-25 16:48:36.037+0100 | BftProcessorExecutor-IBFT-0 | INFO  | IbftBesuControllerBuilder | Imported #2,366 / 0 tx / 0 pending / 0 (0.0%) gas / (0xf6867631a417e6daee56f7888958da76b754c6a75f1dcd4486b65a3348904702)
2025-11-25 16:48:36.038+0100 | EthScheduler-Workers-0 | INFO  | PersistBlockTask | Block 2366 (0xf6867631a417e6daee56f7888958da76b754c6a75f1dcd4486b65a3348904702) is already imported
2025-11-25 16:48:38.028+0100 | BftProcessorExecutor-IBFT-0 | INFO  | IbftBesuControllerBuilder | Imported #2,367 / 0 tx / 0 pending / 0 (0.0%) gas / (0x0771d2aa3611c3d14f3aaf664b37cf06b0b1bb8a1aa70e3b2ae9a03b9dd8b5c5)
2025-11-25 16:48:40.023+0100 | BftProcessorExecutor-IBFT-0 | INFO  | IbftBesuControllerBuilder | Produced #2,368 / 0 tx / 0 pending / 0 (0.0%) gas / (0x5385c0319b20cce20d3191896757d298658cbacabf5c601aa53f9512bc6d0d99)
2025-11-25 16:48:42.036+0100 | BftProcessorExecutor-IBFT-0 | INFO  | IbftBesuControllerBuilder | Imported #2,369 / 0 tx / 0 pending / 0 (0.0%) gas / (0xb948c7592117c2bd0949c7a233ef4b99a988de63d0f7c40fe20a657ce0655656)
2025-11-25 16:48:44.030+0100 | BftProcessorExecutor-IBFT-0 | INFO  | IbftBesuControllerBuilder | Imported #2,370 / 0 tx / 0 pending / 0 (0.0%) gas / (0xdda66fb6d5bc5cbfe62a56472c53cbe2e589246727eccd4af17af10817425a4b)
2025-11-25 16:48:46.018+0100 | BftProcessorExecutor-IBFT-0 | INFO  | IbftBesuControllerBuilder | Imported #2,371 / 0 tx / 0 pending / 0 (0.0%) gas / (0x3224e82880f0b690a60966c0784ac309fb2e8f0c3f347b1bf69fe19843a379a4)
2025-11-25 16:48:48.022+0100 | BftProcessorExecutor-IBFT-0 | INFO  | IbftBesuControllerBuilder | Produced #2,372 / 0 tx / 0 pending / 0 (0.0%) gas / (0x94e0727cbac575df1cb4e9e3384f31879fcf75802d93e8d6822b50acbab2fe06)
2025-11-25 16:48:50.038+0100 | BftProcessorExecutor-IBFT-0 | INFO  | IbftBesuControllerBuilder | Imported #2,373 / 0 tx / 0 pending / 0 (0.0%) gas / (0x206e06336aad6d641f5da028c59d0be72300aa56675121e2609f6c9609fdcf8d)
2025-11-25 16:48:52.036+0100 | BftProcessorExecutor-IBFT-0 | INFO  | IbftBesuControllerBuilder | Imported #2,374 / 0 tx / 0 pending / 0 (0.0%) gas / (0x98fcb761bdcffef39442f3b35eb4849eb9eca8a28eb2b00d8bc2b4cfea5e5e18)
2025-11-25 16:48:54.026+0100 | BftProcessorExecutor-IBFT-0 | INFO  | IbftBesuControllerBuilder | Imported #2,375 / 0 tx / 0 pending / 0 (0.0%) gas / (0xd5e141326eb981a9afe16a25450a4f99066469aabd22b8488886e50cb75a48f0)
2025-11-25 16:48:56.027+0100 | BftProcessorExecutor-IBFT-0 | INFO  | IbftBesuControllerBuilder | Produced #2,376 / 0 tx / 0 pending / 0 (0.0%) gas / (0x6f2da3ec845c90af73a46b63e4465e2346d706353751ea7439e161b3460ccd83)
2025-11-25 16:48:58.058+0100 | BftProcessorExecutor-IBFT-0 | INFO  | IbftBesuControllerBuilder | Imported #2,377 / 1 tx / 0 pending / 90,957 (0.2%) gas / (0x3f3fe753be710cb9b2265937d11e45228e2d498c7ade9ec7bbaa24443f6c089c)
2025-11-25 16:49:00.028+0100 | BftProcessorExecutor-IBFT-0 | INFO  | IbftBesuControllerBuilder | Imported #2,378 / 0 tx / 0 pending / 0 (0.0%) gas / (0xdb1264705855c5245e6f33da3cca1706219baf08dcf3ebea1f060bba96d3a5c2)
2025-11-25 16:49:02.016+0100 | BftProcessorExecutor-IBFT-0 | INFO  | IbftBesuControllerBuilder | Imported #2,379 / 0 tx / 0 pending / 0 (0.0%) gas / (0x77f641862df4e1b5a0bb5e573429594c01dbf0cfe4108572888258ef30e86d75)
2025-11-25 16:49:04.025+0100 | BftProcessorExecutor-IBFT-0 | INFO  | IbftBesuControllerBuilder | Produced #2,380 / 0 tx / 0 pending / 0 (0.0%) gas / (0x49c3b83f11244281372dd87e3f2eafec23bdee3b7782c76001a6563cf5a9916b)
2025-11-25 16:49:06.030+0100 | BftProcessorExecutor-IBFT-0 | INFO  | IbftBesuControllerBuilder | Imported #2,381 / 0 tx / 0 pending / 0 (0.0%) gas / (0xb4e1376ca74e77eee1847c67835fd41b7438d29cbf227b43db9fc2b62b56326b)
2025-11-25 16:49:08.018+0100 | BftProcessorExecutor-IBFT-0 | INFO  | IbftBesuControllerBuilder | Imported #2,382 / 0 tx / 0 pending / 0 (0.0%) gas / (0x7b8e5b4921939c81f8eb024d77affaacc48c2215990d548c7244798523b7020e)
2025-11-25 16:49:10.021+0100 | BftProcessorExecutor-IBFT-0 | INFO  | IbftBesuControllerBuilder | Imported #2,383 / 0 tx / 0 pending / 0 (0.0%) gas / (0x4e8150261cd43652c2c14d6e86928d7e438afb3a35485c850c1a235f26452b74)
2025-11-25 16:49:12.030+0100 | BftProcessorExecutor-IBFT-0 | INFO  | IbftBesuControllerBuilder | Produced #2,384 / 0 tx / 0 pending / 0 (0.0%) gas / (0x138c1f047ae8ce30fcdb26d8afd5c3d6f450cda849ff14a7b9cb2a733d801318)
2025-11-25 16:49:14.025+0100 | BftProcessorExecutor-IBFT-0 | INFO  | IbftBesuControllerBuilder | Imported #2,385 / 0 tx / 0 pending / 0 (0.0%) gas / (0x284cac67e25380a925d192ecf16db6808792b79df5e60ece48e3a26715c7b73c)
2025-11-25 16:49:16.021+0100 | BftProcessorExecutor-IBFT-0 | INFO  | IbftBesuControllerBuilder | Imported #2,386 / 0 tx / 0 pending / 0 (0.0%) gas / (0x43771f041e7cb4cd123ff5be32f2fdb37c047320184c6238742fc3fe4e496ad4)
2025-11-25 16:49:18.030+0100 | BftProcessorExecutor-IBFT-0 | INFO  | IbftBesuControllerBuilder | Imported #2,387 / 0 tx / 0 pending / 0 (0.0%) gas / (0x894ca1d1e8e92721ec1f945ba6e509b5721e3e196e27260c2dcd13a0591dbc43)
2025-11-25 16:49:20.026+0100 | BftProcessorExecutor-IBFT-0 | INFO  | IbftBesuControllerBuilder | Produced #2,388 / 0 tx / 0 pending / 0 (0.0%) gas / (0xd1bd08652be2480b400f623b8da47c97556e0582231f7ff6a76b6c8a651d086f)
2025-11-25 16:49:22.018+0100 | BftProcessorExecutor-IBFT-0 | INFO  | IbftBesuControllerBuilder | Imported #2,389 / 0 tx / 0 pending / 0 (0.0%) gas / (0xcb2530088990b1a8d57369c24f0b96b535a619c05ee4f453162d0229448784fc)
2025-11-25 16:49:24.026+0100 | BftProcessorExecutor-IBFT-0 | INFO  | IbftBesuControllerBuilder | Imported #2,390 / 0 tx / 0 pending / 0 (0.0%) gas / (0x9640d059654874a109846d666f031ebe9e4b242ac11d40c28696d2a25e0232b8)
2025-11-25 16:49:26.022+0100 | BftProcessorExecutor-IBFT-0 | INFO  | IbftBesuControllerBuilder | Imported #2,391 / 0 tx / 0 pending / 0 (0.0%) gas / (0xdf05d4cdf3583f1232df560d8477b3720a7797a44b02fa9316e8f7b2ec93066d)
2025-11-25 16:49:28.028+0100 | BftProcessorExecutor-IBFT-0 | INFO  | IbftBesuControllerBuilder | Produced #2,392 / 0 tx / 0 pending / 0 (0.0%) gas / (0x68fb6f4d323a5f830d3bd6886a51fe7518c832710a917744d4504b51e37c9d3d)
2025-11-25 16:49:30.024+0100 | BftProcessorExecutor-IBFT-0 | INFO  | IbftBesuControllerBuilder | Imported #2,393 / 0 tx / 0 pending / 0 (0.0%) gas / (0x76c45b4fff53349b6a5762bc7e97fb8b8b81dfec05dfb31f8e50911f4c576996)
2025-11-25 16:49:32.026+0100 | BftProcessorExecutor-IBFT-0 | INFO  | IbftBesuControllerBuilder | Imported #2,394 / 0 tx / 0 pending / 0 (0.0%) gas / (0xc0e61f84f353d5d7d984092cad9c565b95431df8a09203d97d64ed8a74aa15fe)
2025-11-25 16:49:34.016+0100 | BftProcessorExecutor-IBFT-0 | INFO  | IbftBesuControllerBuilder | Imported #2,395 / 0 tx / 0 pending / 0 (0.0%) gas / (0xf01f063248f852b0aa65f06c416bfe48585c223bb2ce5b7bc240c4f8518378c4)
2025-11-25 16:49:36.034+0100 | BftProcessorExecutor-IBFT-0 | INFO  | IbftBesuControllerBuilder | Produced #2,396 / 0 tx / 0 pending / 0 (0.0%) gas / (0x856c9815cfc5d6de6c197be7a4d324d66c40facfa824a423dfa883048e060a0c)
2025-11-25 16:49:38.024+0100 | BftProcessorExecutor-IBFT-0 | INFO  | IbftBesuControllerBuilder | Imported #2,397 / 0 tx / 0 pending / 0 (0.0%) gas / (0xddfd715619fa04bd13f356c8c0822564c09c4cc57d9fbf0d8a274f0c91f8f188)
2025-11-25 16:49:40.031+0100 | BftProcessorExecutor-IBFT-0 | INFO  | IbftBesuControllerBuilder | Imported #2,398 / 0 tx / 0 pending / 0 (0.0%) gas / (0x2991ce93604d8031150062afc7d4183c684c83ce617c7a78cf80321e3f47fac5)
2025-11-25 16:49:42.030+0100 | BftProcessorExecutor-IBFT-0 | INFO  | IbftBesuControllerBuilder | Imported #2,399 / 0 tx / 0 pending / 0 (0.0%) gas / (0x5268a39598749d1b277ba3bb1a5d2d31d684908c127411981d9c6ac3e8b9f358)
2025-11-25 16:49:44.043+0100 | BftProcessorExecutor-IBFT-0 | INFO  | IbftBesuControllerBuilder | Produced #2,400 / 1 tx / 0 pending / 65,957 (0.1%) gas / (0xe297727bfd322b478307072cc2cbc3e135745de499079fe1fbcff45201a7ab1f)
2025-11-25 16:49:46.017+0100 | BftProcessorExecutor-IBFT-0 | INFO  | IbftBesuControllerBuilder | Imported #2,401 / 0 tx / 0 pending / 0 (0.0%) gas / (0x8dca9e323acc2c2e50235944ae54ca9dbb122c73d4f97038777f9d9b3e2a3768)
2025-11-25 16:49:48.028+0100 | BftProcessorExecutor-IBFT-0 | INFO  | IbftBesuControllerBuilder | Imported #2,402 / 0 tx / 0 pending / 0 (0.0%) gas / (0x62a3b901936502f13f408be1eaf6a40cf5d235534f6e637e71ccaec1cc3e25ec)
2025-11-25 16:49:50.030+0100 | BftProcessorExecutor-IBFT-0 | INFO  | IbftBesuControllerBuilder | Imported #2,403 / 0 tx / 0 pending / 0 (0.0%) gas / (0x657387d2b12dd95c3128b29c99612956d82193ba49640c28d75b40d25b46a444)
2025-11-25 16:49:52.023+0100 | BftProcessorExecutor-IBFT-0 | INFO  | IbftBesuControllerBuilder | Produced #2,404 / 0 tx / 0 pending / 0 (0.0%) gas / (0x9cf12b117973395a1d3b77e970a1a7094fe0e2a08268c2426247c0b2a9b4d5e9)
2025-11-25 16:49:54.020+0100 | BftProcessorExecutor-IBFT-0 | INFO  | IbftBesuControllerBuilder | Imported #2,405 / 0 tx / 0 pending / 0 (0.0%) gas / (0xb5b2f76e367e615bb77e9e2259af75e9d7d1bfb35ec4fde895d219544d3e029b)
2025-11-25 16:49:56.022+0100 | BftProcessorExecutor-IBFT-0 | INFO  | IbftBesuControllerBuilder | Imported #2,406 / 0 tx / 0 pending / 0 (0.0%) gas / (0x88ef7770bf601806b0f1a2b58cc9f66238b0bf889c0af9d666bc136912e3d9f5)
2025-11-25 16:49:58.022+0100 | BftProcessorExecutor-IBFT-0 | INFO  | IbftBesuControllerBuilder | Imported #2,407 / 0 tx / 0 pending / 0 (0.0%) gas / (0x9dd95c4689fad163dc07b597ee714110d4a137ebe06f535d69a204241955e1a5)
2025-11-25 16:50:00.039+0100 | BftProcessorExecutor-IBFT-0 | INFO  | IbftBesuControllerBuilder | Produced #2,408 / 0 tx / 0 pending / 0 (0.0%) gas / (0x528892021309d6a1636632e8290ace4c3ae74b69cde5c2a248ec4261ad9bbb3d)
2025-11-25 16:50:00.039+0100 | EthScheduler-Workers-0 | INFO  | PersistBlockTask | Block 2408 (0x528892021309d6a1636632e8290ace4c3ae74b69cde5c2a248ec4261ad9bbb3d) is already imported
2025-11-25 16:50:02.033+0100 | BftProcessorExecutor-IBFT-0 | INFO  | IbftBesuControllerBuilder | Imported #2,409 / 0 tx / 0 pending / 0 (0.0%) gas / (0x04d92125c0f9fc95f707880f4a6e25d5bb1c0dd34171ec222342f7ba39400693)
2025-11-25 16:50:04.028+0100 | BftProcessorExecutor-IBFT-0 | INFO  | IbftBesuControllerBuilder | Imported #2,410 / 0 tx / 0 pending / 0 (0.0%) gas / (0x70cf501067ea29e7481fc3493459a5203568917c74628d1b768794e39acf8039)
2025-11-25 16:50:06.034+0100 | BftProcessorExecutor-IBFT-0 | INFO  | IbftBesuControllerBuilder | Imported #2,411 / 0 tx / 0 pending / 0 (0.0%) gas / (0xc85d263587433d4a182a13ff68b432b84dc50167f229281c8e26158c88692d89)
2025-11-25 16:50:08.027+0100 | BftProcessorExecutor-IBFT-0 | INFO  | IbftBesuControllerBuilder | Produced #2,412 / 0 tx / 0 pending / 0 (0.0%) gas / (0xa9b502706727399597e142891e83aea639ad75b43b719fa91817f7f178af6f35)
2025-11-25 16:50:10.030+0100 | BftProcessorExecutor-IBFT-0 | INFO  | IbftBesuControllerBuilder | Imported #2,413 / 0 tx / 0 pending / 0 (0.0%) gas / (0x98cc2ccd0af9e157d43aec6053bec41bb5a3f60074141b9f8b0b83320f40c746)
2025-11-25 16:50:12.021+0100 | BftProcessorExecutor-IBFT-0 | INFO  | IbftBesuControllerBuilder | Imported #2,414 / 0 tx / 0 pending / 0 (0.0%) gas / (0xffeba414a25ca074b15fe5afc51b28d7969e7962cab2df2369395bcce4cbc85b)
2025-11-25 16:50:14.022+0100 | BftProcessorExecutor-IBFT-0 | INFO  | IbftBesuControllerBuilder | Imported #2,415 / 0 tx / 0 pending / 0 (0.0%) gas / (0xd34afd3d37ed361104c3503de411e476aea8fc94663f9b40d139bccc0b251ca1)
2025-11-25 16:50:16.014+0100 | BftProcessorExecutor-IBFT-0 | INFO  | IbftBesuControllerBuilder | Produced #2,416 / 0 tx / 0 pending / 0 (0.0%) gas / (0xbad0df53bd7cc58048449916fc198a80bd330abae2b4f3117f3567dc8e880bff)
2025-11-25 16:50:18.031+0100 | EthScheduler-Workers-0 | INFO  | PersistBlockTask | Block 2417 (0xcea0ce51f88204b0d92606724cc1fe4d340b0ee8ba66cb34dc9c13e3606e848f) is already imported
2025-11-25 16:50:18.031+0100 | BftProcessorExecutor-IBFT-0 | INFO  | IbftBesuControllerBuilder | Imported #2,417 / 0 tx / 0 pending / 0 (0.0%) gas / (0xcea0ce51f88204b0d92606724cc1fe4d340b0ee8ba66cb34dc9c13e3606e848f)
2025-11-25 16:50:20.024+0100 | BftProcessorExecutor-IBFT-0 | INFO  | IbftBesuControllerBuilder | Imported #2,418 / 0 tx / 0 pending / 0 (0.0%) gas / (0xfa115de4fe1a1e3cb5d04e54b7f25bcfc62ecf6ff8e7a27ea12cdc23e5c9c592)
2025-11-25 16:50:22.028+0100 | BftProcessorExecutor-IBFT-0 | INFO  | IbftBesuControllerBuilder | Imported #2,419 / 0 tx / 0 pending / 0 (0.0%) gas / (0x19c778203445831bb9f7385ff4bf19654b4c7ba1db777ae666a608a46484df80)
2025-11-25 16:50:24.026+0100 | BftProcessorExecutor-IBFT-0 | INFO  | IbftBesuControllerBuilder | Produced #2,420 / 0 tx / 0 pending / 0 (0.0%) gas / (0x4beac516590c0fc0ad25e89372b7d61e6a9a1016f0f8369c27e2bc24a07d7a06)
2025-11-25 16:50:26.032+0100 | BftProcessorExecutor-IBFT-0 | INFO  | IbftBesuControllerBuilder | Imported #2,421 / 0 tx / 0 pending / 0 (0.0%) gas / (0xe9ba93131e56d6bc0feb5d23ebca72e71b39e070a9afce9a8142b5963bd756d0)
2025-11-25 16:50:26.032+0100 | EthScheduler-Workers-0 | INFO  | PersistBlockTask | Block 2421 (0xe9ba93131e56d6bc0feb5d23ebca72e71b39e070a9afce9a8142b5963bd756d0) is already imported
2025-11-25 16:50:28.050+0100 | BftProcessorExecutor-IBFT-0 | INFO  | IbftBesuControllerBuilder | Imported #2,422 / 0 tx / 0 pending / 0 (0.0%) gas / (0x0d675206423b8f2d910c7e67d4374ec9f4bb5b85a6c0094c23bc2c258c2764d8)
2025-11-25 16:50:28.050+0100 | EthScheduler-Workers-0 | INFO  | PersistBlockTask | Block 2422 (0x0d675206423b8f2d910c7e67d4374ec9f4bb5b85a6c0094c23bc2c258c2764d8) is already imported
2025-11-25 16:50:30.021+0100 | BftProcessorExecutor-IBFT-0 | INFO  | IbftBesuControllerBuilder | Imported #2,423 / 0 tx / 0 pending / 0 (0.0%) gas / (0x0c1ad2573de1a1f553ae341bd6f4041153125cb843715afcb6ab7a62abb85256)
2025-11-25 16:50:32.021+0100 | BftProcessorExecutor-IBFT-0 | INFO  | IbftBesuControllerBuilder | Produced #2,424 / 0 tx / 0 pending / 0 (0.0%) gas / (0xc13b01d2762d023bb1bf6c7fc38fb000756c79a7eb43663ed07e8736cd4cd0c9)
2025-11-25 16:50:34.022+0100 | BftProcessorExecutor-IBFT-0 | INFO  | IbftBesuControllerBuilder | Imported #2,425 / 0 tx / 0 pending / 0 (0.0%) gas / (0xaa9d6864e4d75361b98499d7fe3245afaa791ef05e154962f42c7693ff22dfd2)
2025-11-25 16:50:36.025+0100 | BftProcessorExecutor-IBFT-0 | INFO  | IbftBesuControllerBuilder | Imported #2,426 / 0 tx / 0 pending / 0 (0.0%) gas / (0x58e9544cd36d64e7d197f34395933ef199cf90d3e4ebeb2080cc7494e1675c2a)
2025-11-25 16:50:38.018+0100 | BftProcessorExecutor-IBFT-0 | INFO  | IbftBesuControllerBuilder | Imported #2,427 / 0 tx / 0 pending / 0 (0.0%) gas / (0xe5e0019ef4d8d5ae2f81d214fdc61522aecb867959ed898e4634188d2cd74de3)
2025-11-25 16:50:40.020+0100 | BftProcessorExecutor-IBFT-0 | INFO  | IbftBesuControllerBuilder | Produced #2,428 / 0 tx / 0 pending / 0 (0.0%) gas / (0x6957a0abb65c5542b872017709a8fe57595d00e72d9b84dece2642e3ec1f0fdb)
2025-11-25 16:50:42.021+0100 | BftProcessorExecutor-IBFT-0 | INFO  | IbftBesuControllerBuilder | Imported #2,429 / 0 tx / 0 pending / 0 (0.0%) gas / (0xc10352f929a77c3b3715723c55dab36942a9b823db6545c4485740bec2dd7849)
2025-11-25 16:50:44.028+0100 | BftProcessorExecutor-IBFT-0 | INFO  | IbftBesuControllerBuilder | Imported #2,430 / 0 tx / 0 pending / 0 (0.0%) gas / (0xaf388be1bc7f211170692eee9c9d74dac4c49b63f7f2e0da8d31888cdbe8de51)
2025-11-25 16:50:46.026+0100 | BftProcessorExecutor-IBFT-0 | INFO  | IbftBesuControllerBuilder | Imported #2,431 / 0 tx / 0 pending / 0 (0.0%) gas / (0xeaedc597707b81fb0ec35856c8014ba9bd49e8419611d2b3dd96bf9f48599caf)
2025-11-25 16:50:48.048+0100 | BftProcessorExecutor-IBFT-0 | INFO  | IbftBesuControllerBuilder | Produced #2,432 / 0 tx / 0 pending / 0 (0.0%) gas / (0xa17ecbbbfb6f6693d459dc2f064f103e7b49f156aa3ba05c726827155690a453)
2025-11-25 16:50:50.022+0100 | BftProcessorExecutor-IBFT-0 | INFO  | IbftBesuControllerBuilder | Imported #2,433 / 0 tx / 0 pending / 0 (0.0%) gas / (0xf4d9ed747cf214627458066a813fbbef701000502305c9f01f1473ce2fcc7188)
2025-11-25 16:50:52.027+0100 | BftProcessorExecutor-IBFT-0 | INFO  | IbftBesuControllerBuilder | Imported #2,434 / 0 tx / 0 pending / 0 (0.0%) gas / (0x188096ed781ca41c33e8bd463c4e87835c70d94e7d48a48c43503c7dd1f7e110)
2025-11-25 16:50:54.032+0100 | BftProcessorExecutor-IBFT-0 | INFO  | IbftBesuControllerBuilder | Imported #2,435 / 0 tx / 0 pending / 0 (0.0%) gas / (0x9d358cd60311df083193a0d9c2c87c193a683acec487a20ca4db684ce4bb72b5)
2025-11-25 16:50:54.032+0100 | EthScheduler-Workers-0 | INFO  | PersistBlockTask | Block 2435 (0x9d358cd60311df083193a0d9c2c87c193a683acec487a20ca4db684ce4bb72b5) is already imported
2025-11-25 16:50:56.023+0100 | BftProcessorExecutor-IBFT-0 | INFO  | IbftBesuControllerBuilder | Produced #2,436 / 0 tx / 0 pending / 0 (0.0%) gas / (0x55020474602f831abe76b3e1d5e6341a811e94eb6c3de3f0ab662c33c3dcc573)
2025-11-25 16:50:58.023+0100 | BftProcessorExecutor-IBFT-0 | INFO  | IbftBesuControllerBuilder | Imported #2,437 / 0 tx / 0 pending / 0 (0.0%) gas / (0x2f517f91df62713a41ab64fe0176505ab9fa3be4a65499b2968111ac72a0b780)
2025-11-25 16:51:00.029+0100 | BftProcessorExecutor-IBFT-0 | INFO  | IbftBesuControllerBuilder | Imported #2,438 / 0 tx / 0 pending / 0 (0.0%) gas / (0xae6b36d689cef164fe81428d3be1dbdbfbdc07d9f8027c2738fe64675e38358b)
2025-11-25 16:51:02.025+0100 | BftProcessorExecutor-IBFT-0 | INFO  | IbftBesuControllerBuilder | Imported #2,439 / 0 tx / 0 pending / 0 (0.0%) gas / (0x057a91be7ffdf98593e4778d4b153c6b1037bba59161d0106143ef65cd5c9571)
2025-11-25 16:51:04.018+0100 | BftProcessorExecutor-IBFT-0 | INFO  | IbftBesuControllerBuilder | Produced #2,440 / 0 tx / 0 pending / 0 (0.0%) gas / (0x8a9fc86f413bfd3ccdba058eee03f4cbaa729f6c3caf6f85b8951e9d3dad48bc)
2025-11-25 16:51:06.025+0100 | BftProcessorExecutor-IBFT-0 | INFO  | IbftBesuControllerBuilder | Imported #2,441 / 0 tx / 0 pending / 0 (0.0%) gas / (0xd132168977d07ad946a0a4bc4651675363e8f2344e626237a76fb656ac6695f2)
2025-11-25 16:51:08.020+0100 | BftProcessorExecutor-IBFT-0 | INFO  | IbftBesuControllerBuilder | Imported #2,442 / 0 tx / 0 pending / 0 (0.0%) gas / (0x1122bc247e923b32d2d5f2cfd305c0b974f52f5861a5e9d974b430b9f8b8bfb8)
2025-11-25 16:51:10.029+0100 | BftProcessorExecutor-IBFT-0 | INFO  | IbftBesuControllerBuilder | Imported #2,443 / 0 tx / 0 pending / 0 (0.0%) gas / (0x155df9f9b2ead0b38f565214a8b20a4d7d990fcd302e41b874ee3e937f10a10c)
2025-11-25 16:51:12.026+0100 | BftProcessorExecutor-IBFT-0 | INFO  | IbftBesuControllerBuilder | Produced #2,444 / 0 tx / 0 pending / 0 (0.0%) gas / (0xd39da8ea5616a4aaea1e28e73064a07aeb84e13a69c32297b48dc30e325aca06)
2025-11-25 16:51:14.020+0100 | BftProcessorExecutor-IBFT-0 | INFO  | IbftBesuControllerBuilder | Imported #2,445 / 0 tx / 0 pending / 0 (0.0%) gas / (0x39d397208517f18f14dafb6d01b0f80207a152de3c4903ba8a7fa796056a3623)
2025-11-25 16:51:16.021+0100 | BftProcessorExecutor-IBFT-0 | INFO  | IbftBesuControllerBuilder | Imported #2,446 / 0 tx / 0 pending / 0 (0.0%) gas / (0x29885935d521f0f61b0dac5a41965c2081a304e8340a77d36ba59e8b6faaa07d)
2025-11-25 16:51:18.016+0100 | BftProcessorExecutor-IBFT-0 | INFO  | IbftBesuControllerBuilder | Imported #2,447 / 0 tx / 0 pending / 0 (0.0%) gas / (0x0519b10627cf67c49062362dc40f591620adb0d6ac7ac6243f3361926df29c14)
2025-11-25 16:51:20.023+0100 | BftProcessorExecutor-IBFT-0 | INFO  | IbftBesuControllerBuilder | Produced #2,448 / 0 tx / 0 pending / 0 (0.0%) gas / (0x1e3a7f5ca6544a364c8e92c228c12dc81e604dc747ac28b8576dfe8429ec6235)
2025-11-25 16:51:22.025+0100 | EthScheduler-Workers-0 | INFO  | PersistBlockTask | Block 2449 (0xa3f041f2e13a0e51dca297c0acceb58c24d65a0dc3e2bff47d9a54232f0b2ce3) is already imported
2025-11-25 16:51:22.025+0100 | BftProcessorExecutor-IBFT-0 | INFO  | IbftBesuControllerBuilder | Imported #2,449 / 0 tx / 0 pending / 0 (0.0%) gas / (0xa3f041f2e13a0e51dca297c0acceb58c24d65a0dc3e2bff47d9a54232f0b2ce3)
2025-11-25 16:51:24.017+0100 | BftProcessorExecutor-IBFT-0 | INFO  | IbftBesuControllerBuilder | Imported #2,450 / 0 tx / 0 pending / 0 (0.0%) gas / (0xfa3d8f0ba33a0b31116332ecefbabe7628e1cdc4c48ac6d73175910dbfc02bd8)
2025-11-25 16:51:26.017+0100 | BftProcessorExecutor-IBFT-0 | INFO  | IbftBesuControllerBuilder | Imported #2,451 / 0 tx / 0 pending / 0 (0.0%) gas / (0x4f19203550660a545cb0d7e9a29d378a2297ffff47273dcd94ed028999caed8c)
2025-11-25 16:51:28.030+0100 | BftProcessorExecutor-IBFT-0 | INFO  | IbftBesuControllerBuilder | Produced #2,452 / 0 tx / 0 pending / 0 (0.0%) gas / (0xdfeb675bb18e758720509b9c51313bbff61d8c606cfa7098cf98fd07995ea851)
2025-11-25 16:51:30.026+0100 | BftProcessorExecutor-IBFT-0 | INFO  | IbftBesuControllerBuilder | Imported #2,453 / 0 tx / 0 pending / 0 (0.0%) gas / (0x5da7674113c38fd03b0cf8e16a081aa07d89e6b058cebaece40f91e478be4f36)
2025-11-25 16:51:32.024+0100 | BftProcessorExecutor-IBFT-0 | INFO  | IbftBesuControllerBuilder | Imported #2,454 / 0 tx / 0 pending / 0 (0.0%) gas / (0xd9bff01a04276ac254b21de28fb42b07c51fbe1897c7692ab0ae7b48682b9c2c)
2025-11-25 16:51:32.024+0100 | EthScheduler-Workers-0 | INFO  | PersistBlockTask | Block 2454 (0xd9bff01a04276ac254b21de28fb42b07c51fbe1897c7692ab0ae7b48682b9c2c) is already imported
2025-11-25 16:51:34.027+0100 | BftProcessorExecutor-IBFT-0 | INFO  | IbftBesuControllerBuilder | Imported #2,455 / 0 tx / 0 pending / 0 (0.0%) gas / (0xbc7f64a5a6579ab2fe79523b1ad934b6e5c8002075b8d92ac59f5b9ba8aa9285)
2025-11-25 16:51:36.024+0100 | BftProcessorExecutor-IBFT-0 | INFO  | IbftBesuControllerBuilder | Produced #2,456 / 0 tx / 0 pending / 0 (0.0%) gas / (0xc3fb7012d059e34083e3a2b14e7a58bd92a56be5781db33add30265a57b5fb64)
2025-11-25 16:51:38.024+0100 | BftProcessorExecutor-IBFT-0 | INFO  | IbftBesuControllerBuilder | Imported #2,457 / 0 tx / 0 pending / 0 (0.0%) gas / (0x0831a1a89fd40af6aae385be7b4a6bdde9500eb00264f57baa7e63473709b60a)
2025-11-25 16:51:40.021+0100 | BftProcessorExecutor-IBFT-0 | INFO  | IbftBesuControllerBuilder | Imported #2,458 / 0 tx / 0 pending / 0 (0.0%) gas / (0x9e51d144c770a5d3abdd1406b84bcf0d39047aa29c28d65f66bcbc24916b25b3)
2025-11-25 16:51:42.021+0100 | BftProcessorExecutor-IBFT-0 | INFO  | IbftBesuControllerBuilder | Imported #2,459 / 0 tx / 0 pending / 0 (0.0%) gas / (0xaa73a348ee4af665869eaf4be09e5a972059bda7075c8dccbf74a274ccea6bfe)
2025-11-25 16:51:44.022+0100 | BftProcessorExecutor-IBFT-0 | INFO  | IbftBesuControllerBuilder | Produced #2,460 / 0 tx / 0 pending / 0 (0.0%) gas / (0xd5125afc5e4812765685d0e11a837a09b6b6944e2fb9509db82b6fad01982bdd)
2025-11-25 16:51:46.028+0100 | BftProcessorExecutor-IBFT-0 | INFO  | IbftBesuControllerBuilder | Imported #2,461 / 0 tx / 0 pending / 0 (0.0%) gas / (0xe081674caf81f3d13fd0ac1976605a0e57e517654ecdca38afe4711f7e50e8bf)
2025-11-25 16:51:48.039+0100 | BftProcessorExecutor-IBFT-0 | INFO  | IbftBesuControllerBuilder | Imported #2,462 / 0 tx / 0 pending / 0 (0.0%) gas / (0x717db5695d63b94168cb357c585ed5d8d3bca4e712bd5349d60e29964f558739)
2025-11-25 16:51:48.040+0100 | EthScheduler-Workers-0 | INFO  | PersistBlockTask | Block 2462 (0x717db5695d63b94168cb357c585ed5d8d3bca4e712bd5349d60e29964f558739) is already imported
2025-11-25 16:51:50.022+0100 | BftProcessorExecutor-IBFT-0 | INFO  | IbftBesuControllerBuilder | Imported #2,463 / 0 tx / 0 pending / 0 (0.0%) gas / (0x31b5e4971a34bf60abdc161a7948af9b4756c772a1752b7f7647cbf6d369d8e4)
2025-11-25 16:51:52.026+0100 | BftProcessorExecutor-IBFT-0 | INFO  | IbftBesuControllerBuilder | Produced #2,464 / 0 tx / 0 pending / 0 (0.0%) gas / (0x134b8675ffdebd7ba186f508cdbfc894d96b2266b8e78757f84b5b76bd0d0a33)
2025-11-25 16:51:54.018+0100 | BftProcessorExecutor-IBFT-0 | INFO  | IbftBesuControllerBuilder | Imported #2,465 / 0 tx / 0 pending / 0 (0.0%) gas / (0x30bc000f887d1fc855312e117f514202154647f066649c13f0fb9bab0acf3008)
2025-11-25 16:51:56.023+0100 | BftProcessorExecutor-IBFT-0 | INFO  | IbftBesuControllerBuilder | Imported #2,466 / 0 tx / 0 pending / 0 (0.0%) gas / (0xa27d981111d37be30c4bc64550837e572f1dad32d8dc1318dd9262c9e44999da)
2025-11-25 16:51:58.027+0100 | BftProcessorExecutor-IBFT-0 | INFO  | IbftBesuControllerBuilder | Imported #2,467 / 0 tx / 0 pending / 0 (0.0%) gas / (0xb3db830cd9e37732eab9e66b004411e7db09a0c0e1aeeb54a443866e2ab215c1)
2025-11-25 16:52:00.022+0100 | BftProcessorExecutor-IBFT-0 | INFO  | IbftBesuControllerBuilder | Produced #2,468 / 0 tx / 0 pending / 0 (0.0%) gas / (0xebe6d2975e1b675a56afab3c15e4cbd5f854456c84225e423502a6de58e6264f)
2025-11-25 16:52:02.020+0100 | BftProcessorExecutor-IBFT-0 | INFO  | IbftBesuControllerBuilder | Imported #2,469 / 0 tx / 0 pending / 0 (0.0%) gas / (0x7b104fdbdd086772a6611999782daf002becc63eff63af3064eb48a36402f6ef)
2025-11-25 16:52:04.021+0100 | BftProcessorExecutor-IBFT-0 | INFO  | IbftBesuControllerBuilder | Imported #2,470 / 0 tx / 0 pending / 0 (0.0%) gas / (0xc3737e354ad7ef34835d7ea59100413845015c41a484ce26b28a2dbd4e65563d)
2025-11-25 16:52:06.038+0100 | BftProcessorExecutor-IBFT-0 | INFO  | IbftBesuControllerBuilder | Imported #2,471 / 0 tx / 0 pending / 0 (0.0%) gas / (0xbfa9924e7afd707b920178b6d25219d77fbe998ccafb02c689be022692a82145)
2025-11-25 16:52:06.038+0100 | EthScheduler-Workers-0 | INFO  | PersistBlockTask | Block 2471 (0xbfa9924e7afd707b920178b6d25219d77fbe998ccafb02c689be022692a82145) is already imported
2025-11-25 16:52:08.021+0100 | BftProcessorExecutor-IBFT-0 | INFO  | IbftBesuControllerBuilder | Produced #2,472 / 0 tx / 0 pending / 0 (0.0%) gas / (0xef4bf8fefbb8f83b4044d10a624562c2be62177627f64c62f3d7d4dd0cbce82e)
2025-11-25 16:52:10.026+0100 | BftProcessorExecutor-IBFT-0 | INFO  | IbftBesuControllerBuilder | Imported #2,473 / 0 tx / 0 pending / 0 (0.0%) gas / (0xc4aaa9490a7efb96b736a4644de2be6ec057cf2265c2ecee7bf0f596386db92f)
2025-11-25 16:52:12.015+0100 | BftProcessorExecutor-IBFT-0 | INFO  | IbftBesuControllerBuilder | Imported #2,474 / 0 tx / 0 pending / 0 (0.0%) gas / (0x35c3551d7fde7d395af0761c061fcb394fc531c82411b5915e60574e544386d4)
2025-11-25 16:52:14.023+0100 | BftProcessorExecutor-IBFT-0 | INFO  | IbftBesuControllerBuilder | Imported #2,475 / 0 tx / 0 pending / 0 (0.0%) gas / (0xfc2419bf4f9c46e8234c1f27931b3d17ac3904251679a7275efdf7fe303ecca1)
2025-11-25 16:52:16.015+0100 | BftProcessorExecutor-IBFT-0 | INFO  | IbftBesuControllerBuilder | Produced #2,476 / 0 tx / 0 pending / 0 (0.0%) gas / (0x87e2f81f53634529b836ecb67e20d2c06cacc216b8fd6830cc4abba1e8a8f208)
2025-11-25 16:52:18.020+0100 | BftProcessorExecutor-IBFT-0 | INFO  | IbftBesuControllerBuilder | Imported #2,477 / 0 tx / 0 pending / 0 (0.0%) gas / (0x0911e73551fd7beba4e342c6f6d51470f87dd939375d0a0568d56d378676214c)
2025-11-25 16:52:20.016+0100 | BftProcessorExecutor-IBFT-0 | INFO  | IbftBesuControllerBuilder | Imported #2,478 / 0 tx / 0 pending / 0 (0.0%) gas / (0xf1929a5e236bca6136f76c0ef7bbdd4287780be6a7a77cb52e414cc71afafef9)
2025-11-25 16:52:22.023+0100 | BftProcessorExecutor-IBFT-0 | INFO  | IbftBesuControllerBuilder | Imported #2,479 / 0 tx / 0 pending / 0 (0.0%) gas / (0xf4749bc8ab6a0989183c16a41850e63fc90eea7288d896dc9dd76f26895a7db5)
2025-11-25 16:52:24.017+0100 | BftProcessorExecutor-IBFT-0 | INFO  | IbftBesuControllerBuilder | Produced #2,480 / 0 tx / 0 pending / 0 (0.0%) gas / (0x2dcc77409d02a928659b2da4b4359a58651112a98320cb710122c43e32467383)
2025-11-25 16:52:26.037+0100 | BftProcessorExecutor-IBFT-0 | INFO  | IbftBesuControllerBuilder | Imported #2,481 / 1 tx / 0 pending / 65,957 (0.1%) gas / (0x782fca666dd2f2a3865d591256deb5860454e1bdb7926969398b2888db967afd)
2025-11-25 16:52:28.018+0100 | BftProcessorExecutor-IBFT-0 | INFO  | IbftBesuControllerBuilder | Imported #2,482 / 0 tx / 0 pending / 0 (0.0%) gas / (0x0f48836a38452a4664f153b701f19ff7d2fa28240beb3849e8e83e01491ae1e4)
2025-11-25 16:52:30.023+0100 | BftProcessorExecutor-IBFT-0 | INFO  | IbftBesuControllerBuilder | Imported #2,483 / 0 tx / 0 pending / 0 (0.0%) gas / (0x006361d382dc23c826ee12957ad227fae558d60148d41c60bcc6e1d8e937c64b)
2025-11-25 16:52:32.018+0100 | BftProcessorExecutor-IBFT-0 | INFO  | IbftBesuControllerBuilder | Produced #2,484 / 0 tx / 0 pending / 0 (0.0%) gas / (0x83dbf96bb447c981fd3e579b4526ad6819838c5170928439512a955c1451c9b5)
2025-11-25 16:52:34.018+0100 | BftProcessorExecutor-IBFT-0 | INFO  | IbftBesuControllerBuilder | Imported #2,485 / 0 tx / 0 pending / 0 (0.0%) gas / (0x707288a261560eca441d6b172ad3a0d306a19b34779c114b4ae01d521992be12)
2025-11-25 16:52:36.017+0100 | BftProcessorExecutor-IBFT-0 | INFO  | IbftBesuControllerBuilder | Imported #2,486 / 0 tx / 0 pending / 0 (0.0%) gas / (0x7f50f2bb7e6440f8cf122bdfcce45cdca8baf02bce0fa39c564548e8aa58c453)
2025-11-25 16:52:38.020+0100 | BftProcessorExecutor-IBFT-0 | INFO  | IbftBesuControllerBuilder | Imported #2,487 / 0 tx / 0 pending / 0 (0.0%) gas / (0xe5d707e5fe3ef47907096b54318ce484431643be52072460f1b6287c6b6c22ec)
2025-11-25 16:52:40.019+0100 | BftProcessorExecutor-IBFT-0 | INFO  | IbftBesuControllerBuilder | Produced #2,488 / 0 tx / 0 pending / 0 (0.0%) gas / (0x25c44b6177ac840adeda5d780bc4cbcbe38ccf0bf6ca34866b76b8911944d52a)
2025-11-25 16:52:42.025+0100 | BftProcessorExecutor-IBFT-0 | INFO  | IbftBesuControllerBuilder | Imported #2,489 / 0 tx / 0 pending / 0 (0.0%) gas / (0x37db159cd6c8d7be979e382964f608090db68dced7cd4e6dc0f52e8a4cff1441)
2025-11-25 16:52:44.026+0100 | BftProcessorExecutor-IBFT-0 | INFO  | IbftBesuControllerBuilder | Imported #2,490 / 0 tx / 0 pending / 0 (0.0%) gas / (0x99ea0850a2e203c9f1d4777ea92f787538a464ad53d5d97907da25919e4aede0)
2025-11-25 16:52:46.013+0100 | BftProcessorExecutor-IBFT-0 | INFO  | IbftBesuControllerBuilder | Imported #2,491 / 0 tx / 0 pending / 0 (0.0%) gas / (0xdf8bdf84ff638b2db70ede73b0e83d0a0d414201fad7b9930369a0949bfada31)
2025-11-25 16:52:48.024+0100 | BftProcessorExecutor-IBFT-0 | INFO  | IbftBesuControllerBuilder | Produced #2,492 / 0 tx / 0 pending / 0 (0.0%) gas / (0xd3a6fb9928e4199ad3a1bcc1c192a20348bd487e957e5d938d1e7496cdc5abf2)
2025-11-25 16:52:50.016+0100 | BftProcessorExecutor-IBFT-0 | INFO  | IbftBesuControllerBuilder | Imported #2,493 / 0 tx / 0 pending / 0 (0.0%) gas / (0x3f6790fd2f02e2023dfd2af552f55bf717c8bcc729c3c04e3e0849cd59b3a411)
2025-11-25 16:52:52.017+0100 | BftProcessorExecutor-IBFT-0 | INFO  | IbftBesuControllerBuilder | Imported #2,494 / 0 tx / 0 pending / 0 (0.0%) gas / (0xe66b8de8d1689e7a8c56e3533dfb42b8813c38ac9cef5d7e2cb7c23d5b836c05)
2025-11-25 16:52:54.015+0100 | BftProcessorExecutor-IBFT-0 | INFO  | IbftBesuControllerBuilder | Imported #2,495 / 0 tx / 0 pending / 0 (0.0%) gas / (0xcce9f3d481ba62b291aac1d5c4ac472475fa8c021f6a5c4d5c7d9e0515986d62)
2025-11-25 16:52:56.024+0100 | EthScheduler-Workers-0 | INFO  | PersistBlockTask | Block 2496 (0x21f8ecc42b3e8ecabe9e25de06832a6a968d5fd79b90621d8a88786c6bf75553) is already imported
2025-11-25 16:52:56.024+0100 | BftProcessorExecutor-IBFT-0 | INFO  | IbftBesuControllerBuilder | Produced #2,496 / 0 tx / 0 pending / 0 (0.0%) gas / (0x21f8ecc42b3e8ecabe9e25de06832a6a968d5fd79b90621d8a88786c6bf75553)
2025-11-25 16:52:58.023+0100 | EthScheduler-Workers-0 | INFO  | PersistBlockTask | Block 2497 (0x895ba63e2b43340bee8f0b9157a6b84be424851abc6bc4fa478a062a09d602cb) is already imported
2025-11-25 16:52:58.023+0100 | BftProcessorExecutor-IBFT-0 | INFO  | IbftBesuControllerBuilder | Imported #2,497 / 0 tx / 0 pending / 0 (0.0%) gas / (0x895ba63e2b43340bee8f0b9157a6b84be424851abc6bc4fa478a062a09d602cb)
2025-11-25 16:53:00.021+0100 | BftProcessorExecutor-IBFT-0 | INFO  | IbftBesuControllerBuilder | Imported #2,498 / 0 tx / 0 pending / 0 (0.0%) gas / (0x3431d8ad5bd7deadee770a5e0bb2d059eb0f738bae410c1a417edb5f0055aecb)
2025-11-25 16:53:02.014+0100 | BftProcessorExecutor-IBFT-0 | INFO  | IbftBesuControllerBuilder | Imported #2,499 / 0 tx / 0 pending / 0 (0.0%) gas / (0x1dd03fb848339889aa34ada3abd8b50bb3fe7aa84475f5f735a98c7305f67f46)
2025-11-25 16:53:04.017+0100 | BftProcessorExecutor-IBFT-0 | INFO  | IbftBesuControllerBuilder | Produced #2,500 / 0 tx / 0 pending / 0 (0.0%) gas / (0x7a2ccc09ddde6bb406044dfb623503e771abd79e403d31f1951f5febdf86b161)
2025-11-25 16:53:06.027+0100 | BftProcessorExecutor-IBFT-0 | INFO  | IbftBesuControllerBuilder | Imported #2,501 / 0 tx / 0 pending / 0 (0.0%) gas / (0xa833f42c4b5d962ea7534961e7d7675c8d964b880b4ae5f43f049d8c37832dbb)
2025-11-25 16:53:08.021+0100 | BftProcessorExecutor-IBFT-0 | INFO  | IbftBesuControllerBuilder | Imported #2,502 / 0 tx / 0 pending / 0 (0.0%) gas / (0x0deb03b02feba8c90a0dadc71b19c5a185dbcf65d51824ef584d37ba7bf026be)
2025-11-25 16:53:10.024+0100 | BftProcessorExecutor-IBFT-0 | INFO  | IbftBesuControllerBuilder | Imported #2,503 / 0 tx / 0 pending / 0 (0.0%) gas / (0xe52eebe9960ec659c45270009b18b8ca2bad07d53ceb73192ae4efa3e8eb93fa)
2025-11-25 16:53:12.028+0100 | BftProcessorExecutor-IBFT-0 | INFO  | IbftBesuControllerBuilder | Produced #2,504 / 0 tx / 0 pending / 0 (0.0%) gas / (0x0aeaa3b1a1da464ff3e0acf54bec1ba16684635a38c145ce165500cf867429ba)
2025-11-25 16:53:14.019+0100 | BftProcessorExecutor-IBFT-0 | INFO  | IbftBesuControllerBuilder | Imported #2,505 / 0 tx / 0 pending / 0 (0.0%) gas / (0xe96ed6851d990a8954f58181fb19a1518c7a38044c08984e61550af739090e3f)
2025-11-25 16:53:16.018+0100 | BftProcessorExecutor-IBFT-0 | INFO  | IbftBesuControllerBuilder | Imported #2,506 / 0 tx / 0 pending / 0 (0.0%) gas / (0x724c7d0a423cb5a0fc5671bc6cceea625c15cbec8f98c122dbbc28a459c2538b)
2025-11-25 16:53:18.022+0100 | BftProcessorExecutor-IBFT-0 | INFO  | IbftBesuControllerBuilder | Imported #2,507 / 0 tx / 0 pending / 0 (0.0%) gas / (0xc086abd0d940a68e9b8ffc861c5bdffe49b5c19b3777871dd841e3ba91a9bc1b)
2025-11-25 16:53:20.024+0100 | BftProcessorExecutor-IBFT-0 | INFO  | IbftBesuControllerBuilder | Produced #2,508 / 0 tx / 0 pending / 0 (0.0%) gas / (0x9b601ddcf91acd327a16545a24c33587aad36e55b678944f1f0401dda421be92)
2025-11-25 16:53:22.024+0100 | BftProcessorExecutor-IBFT-0 | INFO  | IbftBesuControllerBuilder | Imported #2,509 / 0 tx / 0 pending / 0 (0.0%) gas / (0x41840d7244bdbfed2b9af9f16724ed2040475ff4411adea4a9676a4a6c00f211)
2025-11-25 16:53:24.030+0100 | EthScheduler-Workers-0 | INFO  | PersistBlockTask | Block 2510 (0xd4fac880fcacc0eaae56465cac0cc10de76b25d6d6484d61f055b7a39889a6e9) is already imported
2025-11-25 16:53:24.030+0100 | BftProcessorExecutor-IBFT-0 | INFO  | IbftBesuControllerBuilder | Imported #2,510 / 0 tx / 0 pending / 0 (0.0%) gas / (0xd4fac880fcacc0eaae56465cac0cc10de76b25d6d6484d61f055b7a39889a6e9)
2025-11-25 16:53:26.024+0100 | BftProcessorExecutor-IBFT-0 | INFO  | IbftBesuControllerBuilder | Imported #2,511 / 0 tx / 0 pending / 0 (0.0%) gas / (0xc2971ddd1b85b5c439afc6c404c3e358edcdde115e9b47bf571425eae8871335)
2025-11-25 16:53:28.030+0100 | BftProcessorExecutor-IBFT-0 | INFO  | IbftBesuControllerBuilder | Produced #2,512 / 0 tx / 0 pending / 0 (0.0%) gas / (0x8167e715c35a79d7eaec40dad6c03eb7b9963da9e806134aa3c956935ab5d372)
2025-11-25 16:53:30.021+0100 | BftProcessorExecutor-IBFT-0 | INFO  | IbftBesuControllerBuilder | Imported #2,513 / 0 tx / 0 pending / 0 (0.0%) gas / (0xe8172ec903923f746b8abf5013c63dfcc2052301415887ae37e8b2308ef6aadd)
2025-11-25 16:53:32.020+0100 | BftProcessorExecutor-IBFT-0 | INFO  | IbftBesuControllerBuilder | Imported #2,514 / 0 tx / 0 pending / 0 (0.0%) gas / (0x9ef1f2ca30b6ccaa708ebabdca95af14d818b215ea506dcbcbd5b9baf63378c6)
2025-11-25 16:53:34.022+0100 | BftProcessorExecutor-IBFT-0 | INFO  | IbftBesuControllerBuilder | Imported #2,515 / 0 tx / 0 pending / 0 (0.0%) gas / (0xe73e137c6fc0bfc2fc40455d4fd141881ee18ef29c505b62953d376a81104c99)
2025-11-25 16:53:34.023+0100 | EthScheduler-Workers-0 | INFO  | PersistBlockTask | Block 2515 (0xe73e137c6fc0bfc2fc40455d4fd141881ee18ef29c505b62953d376a81104c99) is already imported
2025-11-25 16:53:36.025+0100 | BftProcessorExecutor-IBFT-0 | INFO  | IbftBesuControllerBuilder | Produced #2,516 / 0 tx / 0 pending / 0 (0.0%) gas / (0x6bcec1cef8c83a4d0878d90282374fdff1c00be7d242e2df657091ec78197428)
2025-11-25 16:53:38.020+0100 | BftProcessorExecutor-IBFT-0 | INFO  | IbftBesuControllerBuilder | Imported #2,517 / 0 tx / 0 pending / 0 (0.0%) gas / (0x070c567aa589cafd2b38eac84e21b01fd47f2b2371be3b9cec4d0c719bcaae9a)
2025-11-25 16:53:40.023+0100 | BftProcessorExecutor-IBFT-0 | INFO  | IbftBesuControllerBuilder | Imported #2,518 / 0 tx / 0 pending / 0 (0.0%) gas / (0xb26ffeb528fff10b98738f3722e1ab4294e28447c60ccef91733b0d58c14e525)
2025-11-25 16:53:42.025+0100 | BftProcessorExecutor-IBFT-0 | INFO  | IbftBesuControllerBuilder | Imported #2,519 / 0 tx / 0 pending / 0 (0.0%) gas / (0xecd0dad416f00c81af410d4039307198d83558df8c22880e4880a2463041d5d0)
2025-11-25 16:53:44.033+0100 | BftProcessorExecutor-IBFT-0 | INFO  | IbftBesuControllerBuilder | Produced #2,520 / 0 tx / 0 pending / 0 (0.0%) gas / (0x16517515ab1ce4057a3a718214a675989093fc0a9a1857cd25022d5c7aba2f71)
2025-11-25 16:53:46.020+0100 | BftProcessorExecutor-IBFT-0 | INFO  | IbftBesuControllerBuilder | Imported #2,521 / 0 tx / 0 pending / 0 (0.0%) gas / (0x67d798bb6353d5f40f5dfc61aa2177666fe18e685147b147cd86d84d68646bf7)
2025-11-25 16:53:48.025+0100 | BftProcessorExecutor-IBFT-0 | INFO  | IbftBesuControllerBuilder | Imported #2,522 / 0 tx / 0 pending / 0 (0.0%) gas / (0xc6117b390a431e3f6c1e7f00e401c0583d9c54a4256fff2bcce08214552a4a2d)
2025-11-25 16:53:50.016+0100 | BftProcessorExecutor-IBFT-0 | INFO  | IbftBesuControllerBuilder | Imported #2,523 / 0 tx / 0 pending / 0 (0.0%) gas / (0xc7d52f440a8288eaf5fe45cdb48cc9950b617168b4f503f7ff58980218fff6dd)
2025-11-25 16:53:52.026+0100 | BftProcessorExecutor-IBFT-0 | INFO  | IbftBesuControllerBuilder | Produced #2,524 / 0 tx / 0 pending / 0 (0.0%) gas / (0xc36e8fe54133eb26891186861c471fc918a38184b45e1c43f34ea69452d7b469)
2025-11-25 16:53:54.024+0100 | BftProcessorExecutor-IBFT-0 | INFO  | IbftBesuControllerBuilder | Imported #2,525 / 0 tx / 0 pending / 0 (0.0%) gas / (0x9e7be33b1d535c8441046d54bf8ce2a27d75bac4db457887bc78f74df23d4406)
2025-11-25 16:53:56.025+0100 | BftProcessorExecutor-IBFT-0 | INFO  | IbftBesuControllerBuilder | Imported #2,526 / 0 tx / 0 pending / 0 (0.0%) gas / (0x01447f4191b82aca16a4588fd469d6a089df26eebf0a0f70a9c2bdfd0ac415b3)
2025-11-25 16:53:58.016+0100 | BftProcessorExecutor-IBFT-0 | INFO  | IbftBesuControllerBuilder | Imported #2,527 / 0 tx / 0 pending / 0 (0.0%) gas / (0x14c81b6baf3eb0f0520667ea149496c128542a6d5204f7eccdd9af187be501ed)
2025-11-25 16:54:00.030+0100 | BftProcessorExecutor-IBFT-0 | INFO  | IbftBesuControllerBuilder | Produced #2,528 / 0 tx / 0 pending / 0 (0.0%) gas / (0x3f7f2117273f38d42a436eb96bc3cbfd5cbb5d7afe8cbf0f376b86931e5a7ae5)
2025-11-25 16:54:02.020+0100 | BftProcessorExecutor-IBFT-0 | INFO  | IbftBesuControllerBuilder | Imported #2,529 / 0 tx / 0 pending / 0 (0.0%) gas / (0x5796519846ccba684cd2aef61be5fcf19735ddb1ba19ae9c2ae9e28daaeab12c)
2025-11-25 16:54:04.019+0100 | BftProcessorExecutor-IBFT-0 | INFO  | IbftBesuControllerBuilder | Imported #2,530 / 0 tx / 0 pending / 0 (0.0%) gas / (0x6e4ba4f3f23e0431d912f8035279f6efbd73ead387824af5ca5d7420a93dbb09)
2025-11-25 16:54:06.026+0100 | BftProcessorExecutor-IBFT-0 | INFO  | IbftBesuControllerBuilder | Imported #2,531 / 0 tx / 0 pending / 0 (0.0%) gas / (0x6242caccf1cfc0938d0ce3d42371313d17b875421f2241b8626050fac9d9f3e0)
2025-11-25 16:54:08.021+0100 | BftProcessorExecutor-IBFT-0 | INFO  | IbftBesuControllerBuilder | Produced #2,532 / 0 tx / 0 pending / 0 (0.0%) gas / (0x6bd91578cb47ffa937fcc7c12c465e01a05f7c00fae9e568b780ea64dc964aa8)
2025-11-25 16:54:10.015+0100 | BftProcessorExecutor-IBFT-0 | INFO  | IbftBesuControllerBuilder | Imported #2,533 / 0 tx / 0 pending / 0 (0.0%) gas / (0xb8e2263303bc4918c39f72b6a3e610513583837af3411aacf83a88b20919521d)
2025-11-25 16:54:12.025+0100 | BftProcessorExecutor-IBFT-0 | INFO  | IbftBesuControllerBuilder | Imported #2,534 / 0 tx / 0 pending / 0 (0.0%) gas / (0x406d641736c5b5a09161fb4fad12afa081db13f2052f1f442f2e0b86e56c1347)
2025-11-25 16:54:14.022+0100 | BftProcessorExecutor-IBFT-0 | INFO  | IbftBesuControllerBuilder | Imported #2,535 / 0 tx / 0 pending / 0 (0.0%) gas / (0x83eb080b57024fef6e7c5903e547522984f5ab381d47bf1fa5973252b5bec335)
2025-11-25 16:54:16.026+0100 | BftProcessorExecutor-IBFT-0 | INFO  | IbftBesuControllerBuilder | Produced #2,536 / 0 tx / 0 pending / 0 (0.0%) gas / (0x756f96e6bd8eb61f08cb6a69df88cf11276b8d0fc93ea531d856e20feb7c3d53)
2025-11-25 16:54:18.019+0100 | BftProcessorExecutor-IBFT-0 | INFO  | IbftBesuControllerBuilder | Imported #2,537 / 0 tx / 0 pending / 0 (0.0%) gas / (0xe3d33cc21395c664d8dc1948d5e1fb30b062cbd6eeabf1944ae06c8697da0e7a)
2025-11-25 16:54:20.016+0100 | BftProcessorExecutor-IBFT-0 | INFO  | IbftBesuControllerBuilder | Imported #2,538 / 0 tx / 0 pending / 0 (0.0%) gas / (0x88a5863c3e497797b1d001fd75e853f456002624ef11f887b7c4a158e50ff1c1)
2025-11-25 16:54:22.027+0100 | BftProcessorExecutor-IBFT-0 | INFO  | IbftBesuControllerBuilder | Imported #2,539 / 1 tx / 0 pending / 36,800 (0.1%) gas / (0x787b06f0114988fcd46389c0117e5516a512ec5ccfc3dc8f3e0790f91db81b01)
2025-11-25 16:54:24.026+0100 | BftProcessorExecutor-IBFT-0 | INFO  | IbftBesuControllerBuilder | Produced #2,540 / 0 tx / 0 pending / 0 (0.0%) gas / (0xa1eae04b0ed1b3ac548544673ce9dad409170f3f62e9e232a3aa1f26df07c299)
2025-11-25 16:54:26.015+0100 | BftProcessorExecutor-IBFT-0 | INFO  | IbftBesuControllerBuilder | Imported #2,541 / 0 tx / 0 pending / 0 (0.0%) gas / (0xe0f0d6e261b516f0d9a89d1fead938b3d04e40a1724829ca71436d1608197426)
2025-11-25 16:54:28.037+0100 | BftProcessorExecutor-IBFT-0 | INFO  | IbftBesuControllerBuilder | Imported #2,542 / 0 tx / 0 pending / 0 (0.0%) gas / (0x0e21318e04c8135a14c0603aae54992f4c2a53bedafb0634863ff0976e28e17d)
2025-11-25 16:54:30.024+0100 | BftProcessorExecutor-IBFT-0 | INFO  | IbftBesuControllerBuilder | Imported #2,543 / 0 tx / 0 pending / 0 (0.0%) gas / (0xed5a62e220b87035b42fa769ca8c171a80045f3d0ff88298e5f64be86b680aac)
2025-11-25 16:54:32.021+0100 | BftProcessorExecutor-IBFT-0 | INFO  | IbftBesuControllerBuilder | Produced #2,544 / 0 tx / 0 pending / 0 (0.0%) gas / (0xdeb1d048662fd2cf67ec34dd5c149db015cd93da6dc092e2f5d7894d040d645e)
2025-11-25 16:54:32.021+0100 | EthScheduler-Workers-0 | INFO  | PersistBlockTask | Block 2544 (0xdeb1d048662fd2cf67ec34dd5c149db015cd93da6dc092e2f5d7894d040d645e) is already imported
2025-11-25 16:54:33.523+0100 | BftProcessorExecutor-IBFT-0 | INFO  | BftProcessor | Shutting down BFT event processor
2025-11-25 16:54:33.529+0100 | BesuCommand-Shutdown-Hook | INFO  | DefaultSynchronizer | Stopping synchronizer
2025-11-25 16:54:33.532+0100 | BesuCommand-Shutdown-Hook | INFO  | NetworkRunner | Stopping Network.
2025-11-25 16:54:33.561+0100 | BesuCommand-Shutdown-Hook | INFO  | EthProtocolManager | Stopping eth Subprotocol.
2025-11-25 16:54:33.652+0100 | BesuCommand-Shutdown-Hook | INFO  | EthProtocolManager | eth Subprotocol stopped.
2025-11-25 16:54:33.652+0100 | BesuCommand-Shutdown-Hook | INFO  | NetworkRunner | Network stopped.
2025-11-25 16:54:33.652+0100 | BesuCommand-Shutdown-Hook | INFO  | AutoTransactionLogBloomCachingService | Shutting down Auto transaction logs caching service.
2025-11-25 16:54:33.653+0100 | BesuCommand-Shutdown-Hook | INFO  | NatService | No NAT environment detected so no service could be stopped
